Command: C:\Espressif\python_env\idf5.5_py3.11_env\Scripts\python.exe C:\Espressif\frameworks\esp-idf-v5.5.1\tools/idf_monitor.py -p COM12 -b 115200 --toolchain-prefix xtensa-esp32-elf- --target esp32 --revision 0 D:\Code\ESPIDF\Do_An_2_Ble_Mesh\build\Do_An_2_Ble_Mesh.elf D:\Code\ESPIDF\Do_An_2_Ble_Mesh\build\bootloader\bootloader.elf --force-color -m 'C:\Espressif\python_env\idf5.5_py3.11_env\Scripts\python.exe' 'C:\Espressif\frameworks\esp-idf-v5.5.1\tools\idf.py' '-p' 'COM12'
I_FAST_FLASH_BOOT)
conpy source...
[0;32mI (49) boot: Partition Table:[0m
[0;32mI (51) boot: ## Label            Usage          Type ST Offset   Length[0m
[0;32mI (58) boot:  0 nvs              WiFi data        01 02 00009000 00006000[0m
[0;32mI (64) boot:  1 phy_init         RF data          01 01 0000f000 00001000[0m
[0;32mI (71) boot:  2 factoryets Jul 29 2019 12:21:46[0m

rst:0x1 (POWERON_RESET),boot:0x13 (SPI_FAST_FLASH_BOOT)
configsip: 0, SPIWP:0xee
clk_drv:0x00,q_drv:0x00,d_drv:0x00,cs0_drv:0x00,hd_drv:0x00,wp_drv:0x00
mode:DIO, clock div:2
load:0x3fff0030,len:6380
ho 0 tail 12 room 4
load:0x40078000,len:15916
load:0x40080400,len:3860
entry 0x40080638
[0;32mI (29) boot: ESP-IDF v5.5.1 2nd stage bootloader[0m
[0;32mI (29) boot: compile time Apr 16 2026 02:34:52[0m
[0;32mI (29) boot: Multicore bootloader[0m
[0;32mI (31) boot: chip revision: v3.0[0m
[0;32mI (33) boot.esp32: SPI Speed      : 40MHz[0m
[0;32mI (37) boot.esp32: SPI Mode       : DIO[0m
[0;32mI (41) boot.esp32: SPI Flash Size : 2MB[0m
[0;32mI (44) boot: Enabling RNG early entropy source...[0m
[0;32mI (49) boot: Partition Table:[0m
[0;32mI (51) boot: ## Label            Usage          Type ST Offset   Length[0m
[0;32mI (58) boot:  0 nvs              WiFi data        01 02 00009000 00006000[0m
[0;32mI (64) boot:  1 phy_init         RF data          01 01 0000f000 00001000[0m
[0;32mI (71) boot:  2 factory          factory app      00 00 00010000 00100000[0m
[0;32mI (77) boot: End of partition table[0m
[0;32mI (81) esp_image: segment 0: paddr=00010020 vaddr=3f400020 size=27abch (162492) map[0m
[0;32mI (144) esp_image: segment 1: paddr=00037ae4 vaddr=3ffbdb60 size=04eb4h ( 20148) load[0m
[0;32mI (151) esp_image: segment 2: paddr=0003c9a0 vaddr=40080000 size=03678h ( 13944) load[0m
[0;32mI (157) esp_image: segment 3: paddr=00040020 vaddr=400d0020 size=8dd20h (580896) map[0m
[0;32mI (356) esp_image: segment 4: paddr=000cdd48 vaddr=40083678 size=143b8h ( 82872) load[0m
[0;32mI (388) esp_image: segment 5: paddr=000e2108 vaddr=50000000 size=00020h (    32) load[0m
[0;32mI (400) boot: Loaded app from partition at offset 0x10000[0m
[0;32mI (400) boot: Disabling RNG early entropy source...[0m
[0;32mI (411) cpu_start: Multicore app[0m
[0;32mI (419) cpu_start: Pro cpu start user code[0m
[0;32mI (419) cpu_start: cpu freq: 160000000 Hz[0m
[0;32mI (419) app_init: Application information:[0m
[0;32mI (419) app_init: Project name:     Do_An_2_Ble_Mesh[0m
[0;32mI (424) app_init: App version:      1[0m
[0;32mI (427) app_init: Compile time:     Apr 16 2026 06:08:22[0m
[0;32mI (432) app_init: ELF file SHA256:  2744ca6b8...[0m
[0;32mI (437) app_init: ESP-IDF:          v5.5.1[0m
[0;32mI (441) efuse_init: Min chip rev:     v0.0[0m
[0;32mI (444) efuse_init: Max chip rev:     v3.99 [0m
[0;32mI (448) efuse_init: Chip rev:         v3.0[0m
[0;32mI (452) heap_init: Initializing. RAM available for dynamic allocation:[0m
[0;32mI (459) heap_init: At 3FFAFF10 len 000000F0 (0 KiB): DRAM[0m
[0;32mI (464) heap_init: At 3FFB6388 len 00001C78 (7 KiB): DRAM[0m
[0;32mI (469) heap_init: At 3FFB9A20 len 00004108 (16 KiB): DRAM[0m
[0;32mI (474) heap_init: At 3FFC8F88 len 00017078 (92 KiB): DRAM[0m
[0;32mI (479) heap_init: At 3FFE0440 len 00003AE0 (14 KiB): D/IRAM[0m
[0;32mI (484) heap_init: At 3FFE4350 len 0001BCB0 (111 KiB): D/IRAM[0m
[0;32mI (490) heap_init: At 40097A30 len 000085D0 (33 KiB): IRAM[0m
[0;32mI (497) spi_flash: detected chip: generic[0m
[0;32mI (499) spi_flash: flash io: dio[0m
[0;33mW (502) spi_flash: Detected size(4096k) larger than the size in the binary image header(2048k). Using the size in the binary image header.[0m
[0;32mI (515) coexist: coex firmware version: b0bcc39[0m
[0;32mI (519) main_task: Started on CPU0[0m
[0;32mI (529) main_task: Calling app_main()[0m
[0;32mI (539) BTDM_INIT: BT controller compile version [722c907][0m
[0;32mI (539) BTDM_INIT: Using main XTAL as clock source[0m
[0;32mI (539) BTDM_INIT: Bluetooth MAC: c4:de:e2:ca:cb:be[0m
[0;32mI (539) phy_init: phy_version 4861,b71b5ad,Aug  5 2025,11:16:06[0m
[0;32mI (619) phy_init: Saving new calibration data due to checksum failure or outdated calibration data, mode(0)[0m

assert failed: btc_ble_mesh_model_op_set btc_ble_mesh_prov.c:2016 (0)


Backtrace: 0x4008eacd:0x3ffce100 0x4008ea95:0x3ffce120 0x40094ded:0x3ffce140 0x401126db:0x3ffce260 0x40112cf4:0x3ffce280 0x400ff1c1:0x3ffce2e0 0x4010092f:0x3ffce300 0x4008f6a5:0x3ffce330




ELF file SHA256: 2744ca6b8

Rebooting...
ets Jul 29 2019 12:21:46

rst:0xc (SW_CPU_RESET),boot:0x13 (SPI_FAST_FLASH_BOOT)
configsip: 0, SPIWP:0xee
clk_drv:0x00,q_drv:0x00,d_drv:0x00,cs0_drv:0x00,hd_drv:0x00,wp_drv:0x00
mode:DIO, clock div:2
load:0x3fff0030,len:6380
ho 0 tail 12 room 4
load:0x40078000,len:15916
load:0x40080400,len:3860
entry 0x40080638
[0;32mI (29) boot: ESP-IDF v5.5.1 2nd stage bootloader[0m
[0;32mI (29) boot: compile time Apr 16 2026 02:34:52[0m
[0;32mI (29) boot: Multicore bootloader[0m
[0;32mI (31) boot: chip revision: v3.0[0m
[0;32mI (33) boot.esp32: SPI Speed      : 40MHz[0m
[0;32mI (37) boot.esp32: SPI Mode       : DIO[0m
[0;32mI (41) boot.esp32: SPI Flash Size : 2MB[0m
[0;32mI (44) boot: Enabling RNG early entropy source...[0m
[0;32mI (49) boot: Partition Table:[0m
[0;32mI (51) boot: ## Label            Usage          Type ST Offset   Length[0m
[0;32mI (58) boot:  0 nvs              WiFi data        01 02 00009000 00006000[0m
[0;32mI (64) boot:  1 phy_init         RF data          01 01 0000f000 00001000[0m
[0;32mI (71) boot:  2 factory          factory app      00 00 00010000 00100000[0m
[0;32mI (77) boot: End of partition table[0m
[0;32mI (80) esp_image: segment 0: paddr=00010020 vaddr=3f400020 size=27abch (162492) map[0m
[0;32mI (143) esp_image: segment 1: paddr=00037ae4 vaddr=3ffbdb60 size=04eb4h ( 20148) load[0m
[0;32mI (151) esp_image: segment 2: paddr=0003c9a0 vaddr=40080000 size=03678h ( 13944) load[0m
[0;32mI (157) esp_image: segment 3: paddr=00040020 vaddr=400d0020 size=8dd20h (580896) map[0m
[0;32mI (356) esp_image: segment 4: paddr=000cdd48 vaddr=40083678 size=143b8h ( 82872) load[0m
[0;32mI (388) esp_image: segment 5: paddr=000e2108 vaddr=50000000 size=00020h (    32) load[0m
[0;32mI (400) boot: Loaded app from partition at offset 0x10000[0m
[0;32mI (400) boot: Disabling RNG early entropy source...[0m
[0;32mI (411) cpu_start: Multicore app[0m
[0;32mI (419) cpu_start: Pro cpu start user code[0m
[0;32mI (419) cpu_start: cpu freq: 160000000 Hz[0m
[0;32mI (419) app_init: Application information:[0m
[0;32mI (419) app_init: Project name:     Do_An_2_Ble_Mesh[0m
[0;32mI (424) app_init: App version:      1[0m
[0;32mI (427) app_init: Compile time:     Apr 16 2026 06:08:22[0m
[0;32mI (432) app_init: ELF file SHA256:  2744ca6b8...[0m
[0;32mI (437) app_init: ESP-IDF:          v5.5.1[0m
[0;32mI (440) efuse_init: Min chip rev:     v0.0[0m
[0;32mI (444) efuse_init: Max chip rev:     v3.99 [0m
[0;32mI (448) efuse_init: Chip rev:         v3.0[0m
[0;32mI (452) heap_init: Initializing. RAM available for dynamic allocation:[0m
[0;32mI (459) heap_init: At 3FFAFF10 len 000000F0 (0 KiB): DRAM[0m
[0;32mI (463) heap_init: At 3FFB6388 len 00001C78 (7 KiB): DRAM[0m
[0;32mI (469) heap_init: At 3FFB9A20 len 00004108 (16 KiB): DRAM[0m
[0;32mI (474) heap_init: At 3FFC8F88 len 00017078 (92 KiB): DRAM[0m
[0;32mI (479) heap_init: At 3FFE0440 len 00003AE0 (14 KiB): D/IRAM[0m
[0;32mI (484) heap_init: At 3FFE4350 len 0001BCB0 (111 KiB): D/IRAM[0m
[0;32mI (490) heap_init: At 40097A30 len 000085D0 (33 KiB): IRAM[0m
[0;32mI (497) spi_flash: detected chip: generic[0m
[0;32mI (499) spi_flash: flash io: dio[0m
[0;33mW (502) spi_flash: Detected size(4096k) larger than the size in the binary image header(2048k). Using the size in the binary image header.[0m
[0;32mI (515) coexist: coex firmware version: b0bcc39[0m
[0;32mI (519) main_task: Started on CPU0[0m
[0;32mI (529) main_task: Calling app_main()[0m
[0;32mI (539) BTDM_INIT: BT controller compile version [722c907][0m
[0;32mI (539) BTDM_INIT: Using main XTAL as clock source[0m
[0;32mI (539) BTDM_INIT: Bluetooth MAC: c4:de:e2:ca:cb:be[0m
[0;32mI (539) phy_init: phy_version 4861,b71b5ad,Aug  5 2025,11:16:06[0m

assert failed: btc_ble_mesh_model_op_set btc_ble_mesh_prov.c:2016 (0)


Backtrace: 0x4008eacd:0x3ffce100 0x4008ea95:0x3ffce120 0x40094ded:0x3ffce140 0x401126db:0x3ffce260 0x40112cf4:0x3ffce280 0x400ff1c1:0x3ffce2e0 0x4010092f:0x3ffce300 0x4008f6a5:0x3ffce330




ELF file SHA256: 2744ca6b8

Rebooting...
ets Jul 29 2019 12:21:46

rst:0xc (SW_CPU_RESET),boot:0x13 (SPI_FAST_FLASH_BOOT)
configsip: 0, SPIWP:0xee
clk_drv:0x00,q_drv:0x00,d_drv:0x00,cs0_drv:0x00,hd_drv:0x00,wp_drv:0x00
mode:DIO, clock div:2
load:0x3fff0030,len:6380
ho 0 tail 12 room 4
load:0x40078000,len:15916
load:0x40080400,len:3860
entry 0x40080638
[0;32mI (29) boot: ESP-IDF v5.5.1 2nd stage bootloader[0m
[0;32mI (29) boot: compile time Apr 16 2026 02:34:52[0m
[0;32mI (29) boot: Multicore bootloader[0m
[0;32mI (31) boot: chip revision: v3.0[0m
[0;32mI (33) boot.esp32: SPI Speed      : 40MHz[0m
[0;32mI (37) boot.esp32: SPI Mode       : DIO[0m
[0;32mI (41) boot.esp32: SPI Flash Size : 2MB[0m
[0;32mI (44) boot: Enabling RNG early entropy source...[0m
[0;32mI (49) boot: Partition Table:[0m
[0;32mI (51) boot: ## Label            Usage          Type ST Offset   Length[0m
[0;32mI (58) boot:  0 nvs              WiFi data        01 02 00009000 00006000[0m
[0;32mI (64) boot:  1 phy_init         RF data          01 01 0000f000 00001000[0m
[0;32mI (71) boot:  2 factory          factory app      00 00 00010000 00100000[0m
[0;32mI (77) boot: End of partition table[0m
[0;32mI (80) esp_image: segment 0: paddr=00010020 vaddr=3f400020 size=27abch (162492) map[0m
[0;32mI (143) esp_image: segment 1: paddr=00037ae4 vaddr=3ffbdb60 size=04eb4h ( 20148) load[0m
[0;32mI (151) esp_image: segment 2: paddr=0003c9a0 vaddr=40080000 size=03678h ( 13944) load[0m
[0;32mI (157) esp_image: segment 3: paddr=00040020 vaddr=400d0020 size=8dd20h (580896) map[0m
[0;32mI (356) esp_image: segment 4: paddr=000cdd48 vaddr=40083678 size=143b8h ( 82872) load[0m
[0;32mI (388) esp_image: segment 5: paddr=000e2108 vaddr=50000000 size=00020h (    32) load[0m
[0;32mI (400) boot: Loaded app from partition at offset 0x10000[0m
[0;32mI (400) boot: Disabling RNG early entropy source...[0m
[0;32mI (411) cpu_start: Multicore app[0m
[0;32mI (419) cpu_start: Pro cpu start user code[0m
[0;32mI (419) cpu_start: cpu freq: 160000000 Hz[0m
[0;32mI (419) app_init: Application information:[0m
[0;32mI (419) app_init: Project name:     Do_An_2_Ble_Mesh[0m
[0;32mI (424) app_init: App version:      1[0m
[0;32mI (427) app_init: Compile time:     Apr 16 2026 06:08:22[0m
[0;32mI (432) app_init: ELF file SHA256:  2744ca6b8...[0m
[0;32mI (437) app_init: ESP-IDF:          v5.5.1[0m
[0;32mI (440) efuse_init: Min chip rev:     v0.0[0m
[0;32mI (444) efuse_init: Max chip rev:     v3.99 [0m
[0;32mI (448) efuse_init: Chip rev:         v3.0[0m
[0;32mI (452) heap_init: Initializing. RAM available for dynamic allocation:[0m
[0;32mI (459) heap_init: At 3FFAFF10 len 000000F0 (0 KiB): DRAM[0m
[0;32mI (463) heap_init: At 3FFB6388 len 00001C78 (7 KiB): DRAM[0m
[0;32mI (469) heap_init: At 3FFB9A20 len 00004108 (16 KiB): DRAM[0m
[0;32mI (474) heap_init: At 3FFC8F88 len 00017078 (92 KiB): DRAM[0m
[0;32mI (479) heap_init: At 3FFE0440 len 00003AE0 (14 KiB): D/IRAM[0m
[0;32mI (484) heap_init: At 3FFE4350 len 0001BCB0 (111 KiB): D/IRAM[0m
[0;32mI (490) heap_init: At 40097A30 len 000085D0 (33 KiB): IRAM[0m
[0;32mI (497) spi_flash: detected chip: generic[0m
[0;32mI (499) spi_flash: flash io: dio[0m
[0;33mW (502) spi_flash: Detected size(4096k) larger than the size in the binary image header(2048k). Using the size in the binary image header.[0m
[0;32mI (515) coexist: coex firmware version: b0bcc39[0m
[0;32mI (519) main_task: Started on CPU0[0m
[0;32mI (529) main_task: Calling app_main()[0m
[0;32mI (539) BTDM_INIT: BT controller compile version [722c907][0m
[0;32mI (539) BTDM_INIT: Using main XTAL as clock source[0m
[0;32mI (539) BTDM_INIT: Bluetooth MAC: c4:de:e2:ca:cb:be[0m
[0;32mI (539) phy_init: phy_version 4861,b71b5ad,Aug  5 2025,11:16:06[0m

assert failed: btc_ble_mesh_model_op_set btc_ble_mesh_prov.c:2016 (0)


Backtrace: 0x4008eacd:0x3ffce100 0x4008ea95:0x3ffce120 0x40094ded:0x3ffce140 0x401126db:0x3ffce260 0x40112cf4:0x3ffce280 0x400ff1c1:0x3ffce2e0 0x4010092f:0x3ffce300 0x4008f6a5:0x3ffce330




ELF file SHA256: 2744ca6b8

Rebooting...
ets Jul 29 2019 12:21:46

rst:0xc (SW_CPU_RESET),boot:0x13 (SPI_FAST_FLASH_BOOT)
configsip: 0, SPIWP:0xee
clk_drv:0x00,q_drv:0x00,d_drv:0x00,cs0_drv:0x00,hd_drv:0x00,wp_drv:0x00
mode:DIO, clock div:2
load:0x3fff0030,len:6380
ho 0 tail 12 room 4
load:0x40078000,len:15916
load:0x40080400,len:3860
entry 0x40080638
[0;32mI (29) boot: ESP-IDF v5.5.1 2nd stage bootloader[0m
[0;32mI (29) boot: compile time Apr 16 2026 02:34:52[0m
[0;32mI (29) boot: Multicore bootloader[0m
[0;32mI (31) boot: chip revision: v3.0[0m
[0;32mI (33) boot.esp32: SPI Speed      : 40MHz[0m
[0;32mI (37) boot.esp32: SPI Mode       : DIO[0m
[0;32mI (41) boot.esp32: SPI Flash Size : 2MB[0m
[0;32mI (44) boot: Enabling RNG early entropy source...[0m
[0;32mI (49) boot: Partition Table:[0m
[0;32mI (51) boot: ## Label            Usage          Type ST Offset   Length[0m
[0;32mI (58) boot:  0 nvs              WiFi data        01 02 00009000 00006000[0m
[0;32mI (64) boot:  1 phy_init         RF data          01 01 0000f000 00001000[0m
[0;32mI (71) boot:  2 factory          factory app      00 00 00010000 00100000[0m
[0;32mI (77) boot: End of partition table[0m
[0;32mI (80) esp_image: segment 0: paddr=00010020 vaddr=3f400020 size=27abch (162492) map[0m
[0;32mI (143) esp_image: segment 1: paddr=00037ae4 vaddr=3ffbdb60 size=04eb4h ( 20148) load[0m
[0;32mI (151) esp_image: segment 2: paddr=0003c9a0 vaddr=40080000 size=03678h ( 13944) load[0m
[0;32mI (157) esp_image: segment 3: paddr=00040020 vaddr=400d0020 size=8dd20h (580896) map[0m
[0;32mI (356) esp_image: segment 4: paddr=000cdd48 vaddr=40083678 size=143b8h ( 82872) load[0m
[0;32mI (388) esp_image: segment 5: paddr=000e2108 vaddr=50000000 size=00020h (    32) load[0m
[0;32mI (400) boot: Loaded app from partition at offset 0x10000[0m
[0;32mI (400) boot: Disabling RNG early entropy source...[0m
[0;32mI (411) cpu_start: Multicore app[0m
[0;32mI (419) cpu_start: Pro cpu start user code[0m
[0;32mI (419) cpu_start: cpu freq: 160000000 Hz[0m
[0;32mI (419) app_init: Application information:[0m
[0;32mI (419) app_init: Project name:     Do_An_2_Ble_Mesh[0m
[0;32mI (424) app_init: App version:      1[0m
[0;32mI (427) app_init: Compile time:     Apr 16 2026 06:08:22[0m
[0;32mI (432) app_init: ELF file SHA256:  2744ca6b8...[0m
[0;32mI (437) app_init: ESP-IDF:          v5.5.1[0m
[0;32mI (440) efuse_init: Min chip rev:     v0.0[0m
[0;32mI (444) efuse_init: Max chip rev:     v3.99 [0m
[0;32mI (448) efuse_init: Chip rev:         v3.0[0m
[0;32mI (452) heap_init: Initializing. RAM available for dynamic allocation:[0m
[0;32mI (459) heap_init: At 3FFAFF10 len 000000F0 (0 KiB): DRAM[0m
[0;32mI (463) heap_init: At 3FFB6388 len 00001C78 (7 KiB): DRAM[0m
[0;32mI (469) heap_init: At 3FFB9A20 len 00004108 (16 KiB): DRAM[0m
I (474) heap_init: At 3FFC8F88 len 00017078 (92 KiB): DRAM
[0;32mI (479) heap_init: At 3FFE0440 len 00003AE0 (14 KiB): D/IRAM[0m
[0;32mI (484) heap_init: At 3FFE4350 len 0001BCB0 (111 KiB): D/IRAM[0m
[0;32mI (490) heap_init: At 40097A30 len 000085D0 (33 KiB): IRAM[0m
[0;32mI (497) spi_flash: detected chip: generic[0m
[0;32mI (499) spi_flash: flash io: dio[0m
[0;33mW (502) spi_flash: Detected size(4096k) larger than the size in the binary image header(2048k). Using the size in the binary image header.[0m
[0;32mI (515) coexist: coex firmware version: b0bcc39[0m
[0;32mI (519) main_task: Started on CPU0[0m
[0;32mI (529) main_task: Calling app_main()[0m
[0;32mI (539) BTDM_INIT: BT controller compile version [722c907][0m
[0;32mI (539) BTDM_INIT: Using main XTAL as clock source[0m
[0;32mI (539) BTDM_INIT: Bluetooth MAC: c4:de:e2:ca:cb:be[0m
[0;32mI (539) phy_init: phy_version 4861,b71b5ad,Aug  5 2025,11:16:06[0m

assert failed: btc_ble_mesh_model_op_set btc_ble_mesh_prov.c:2016 (0)


Backtrace: 0x4008eacd:0x3ffce100 0x4008ea95:0x3ffce120 0x40094ded:0x3ffce140 0x401126db:0x3ffce260 0x40112cf4:0x3ffce280 0x400ff1c1:0x3ffce2e0 0x4010092f:0x3ffce300 0x4008f6a5:0x3ffce330




ELF file SHA256: 2744ca6b8

Rebooting...
ets Jul 29 2019 12:21:46

rst:0xc (SW_CPU_RESET),boot:0x13 (SPI_FAST_FLASH_BOOT)
configsip: 0, SPIWP:0xee
clk_drv:0x00,q_drv:0x00,d_drv:0x00,cs0_drv:0x00,hd_drv:0x00,wp_drv:0x00
mode:DIO, clock div:2
load:0x3fff0030,len:6380
ho 0 tail 12 room 4
load:0x40078000,len:15916
load:0x40080400,len:3860
entry 0x40080638
[0;32mI (29) boot: ESP-IDF v5.5.1 2nd stage bootloader[0m
[0;32mI (29) boot: compile time Apr 16 2026 02:34:52[0m
[0;32mI (29) boot: Multicore bootloader[0m
[0;32mI (31) boot: chip revision: v3.0[0m
[0;32mI (33) boot.esp32: SPI Speed      : 40MHz[0m
[0;32mI (37) boot.esp32: SPI Mode       : DIO[0m
[0;32mI (41) boot.esp32: SPI Flash Size : 2MB[0m
[0;32mI (44) boot: Enabling RNG early entropy source...[0m
[0;32mI (49) boot: Partition Table:[0m
[0;32mI (51) boot: ## Label            Usage          Type ST Offset   Length[0m
[0;32mI (58) boot:  0 nvs              WiFi data        01 02 00009000 00006000[0m
[0;32mI (64) boot:  1 phy_init         RF data          01 01 0000f000 00001000[0m
[0;32mI (71) boot:  2 factory          factory app      00 00 00010000 00100000[0m
[0;32mI (77) boot: End of partition table[0m
[0;32mI (80) esp_image: segment 0: paddr=00010020 vaddr=3f400020 size=27abch (162492) map[0m
[0;32mI (143) esp_image: segment 1: paddr=00037ae4 vaddr=3ffbdb60 size=04eb4h ( 20148) load[0m
[0;32mI (151) esp_image: segment 2: paddr=0003c9a0 vaddr=40080000 size=03678h ( 13944) load[0m
[0;32mI (157) esp_image: segment 3: paddr=00040020 vaddr=400d0020 size=8dd20h (580896) map[0m
[0;32mI (356) esp_image: segment 4: paddr=000cdd48 vaddr=40083678 size=143b8h ( 82872) load[0m
[0;32mI (388) esp_image: segment 5: paddr=000e2108 vaddr=50000000 size=00020h (    32) load[0m
[0;32mI (400) boot: Loaded app from partition at offset 0x10000[0m
[0;32mI (400) boot: Disabling RNG early entropy source...[0m
[0;32mI (411) cpu_start: Multicore app[0m
[0;32mI (419) cpu_start: Pro cpu start user code[0m
[0;32mI (419) cpu_start: cpu freq: 160000000 Hz[0m
[0;32mI (419) app_init: Application information:[0m
[0;32mI (419) app_init: Project name:     Do_An_2_Ble_Mesh[0m
[0;32mI (424) app_init: App version:      1[0m
[0;32mI (427) app_init: Compile time:     Apr 16 2026 06:08:22[0m
[0;32mI (432) app_init: ELF file SHA256:  2744ca6b8...[0m
[0;32mI (437) app_init: ESP-IDF:          v5.5.1[0m
[0;32mI (440) efuse_init: Min chip rev:     v0.0[0m
[0;32mI (444) efuse_init: Max chip rev:     v3.99 [0m
[0;32mI (448) efuse_init: Chip rev:         v3.0[0m
[0;32mI (452) heap_init: Initializing. RAM available for dynamic allocation:[0m
[0;32mI (459) heap_init: At 3FFAFF10 len 000000F0 (0 KiB): DRAM[0m
[0;32mI (463) heap_init: At 3FFB6388 len 00001C78 (7 KiB): DRAM[0m
[0;32mI (469) heap_init: At 3FFB9A20 len 00004108 (16 KiB): DRAM[0m
[0;32mI (474) heap_init: At 3FFC8F88 len 00017078 (92 KiB): DRAM[0m
[0;32mI (479) heap_init: At 3FFE0440 len 00003AE0 (14 KiB): D/IRAM[0m
[0;32mI (484) heap_init: At 3FFE4350 len 0001BCB0 (111 KiB): D/IRAM[0m
[0;32mI (490) heap_init: At 40097A30 len 000085D0 (33 KiB): IRAM[0m
[0;32mI (497) spi_flash: detected chip: generic[0m
[0;32mI (499) spi_flash: flash io: dio[0m
[0;33mW (502) spi_flash: Detected size(4096k) larger than the size in the binary image header(2048k). Using the size in the binary image header.[0m
[0;32mI (515) coexist: coex firmware version: b0bcc39[0m
[0;32mI (519) main_task: Started on CPU0[0m
[0;32mI (529) main_task: Calling app_main()[0m
[0;32mI (539) BTDM_INIT: BT controller compile version [722c907][0m
[0;32mI (539) BTDM_INIT: Using main XTAL as clock source[0m
[0;32mI (539) BTDM_INIT: Bluetooth MAC: c4:de:e2:ca:cb:be[0m
[0;32mI (539) phy_init: phy_version 4861,b71b5ad,Aug  5 2025,11:16:06[0m
[0;32mI (619) phy_init: Saving new calibration data due to checksum failure or outdated calibration data, mode(0)[0m

assert failed: btc_ble_mesh_model_op_set btc_ble_mesh_prov.c:2016 (0)


Backtrace: 0x4008eacd:0x3ffce3e0 0x4008ea95:0x3ffce400 0x40094ded:0x3ffce420 0x401126db:0x3ffce540 0x40112cf4:0x3ffce560 0x400ff1c1:0x3ffce5c0 0x4010092f:0x3ffce5e0 0x4008f6a5:0x3ffce610




ELF file SHA256: 2744ca6b8

Rebooting...
ets Jul 29 2019 12:21:46

rst:0xc (SW_CPU_RESET),boot:0x13 (SPI_FAST_FLASH_BOOT)
configsip: 0, SPIWP:0xee
clk_drv:0x00,q_drv:0x00,d_drv:0x00,cs0_drv:0x00,hd_drv:0x00,wp_drv:0x00
mode:DIO, clock div:2
load:0x3fff0030,len:6380
ho 0 tail 12 room 4
load:0x40078000,len:15916
load:0x40080400,len:3860
entry 0x40080638
[0;32mI (29) boot: ESP-IDF v5.5.1 2nd stage bootloader[0m
[0;32mI (29) boot: compile time Apr 16 2026 02:34:52[0m
[0;32mI (29) boot: Multicore bootloader[0m
[0;32mI (31) boot: chip revision: v3.0[0m
[0;32mI (33) boot.esp32: SPI Speed      : 40MHz[0m
[0;32mI (37) boot.esp32: SPI Mode       : DIO[0m
[0;32mI (41) boot.esp32: SPI Flash Size : 2MB[0m
[0;32mI (44) boot: Enabling RNG early entropy source...[0m
[0;32mI (49) boot: Partition Table:[0m
[0;32mI (51) boot: ## Label            Usage          Type ST Offset   Length[0m
[0;32mI (58) boot:  0 nvs              WiFi data        01 02 00009000 00006000[0m
[0;32mI (64) boot:  1 phy_init         RF data          01 01 0000f000 00001000[0m
[0;32mI (71) boot:  2 factory          factory app      00 00 00010000 00100000[0m
[0;32mI (77) boot: End of partition table[0m
[0;32mI (80) esp_image: segment 0: paddr=00010020 vaddr=3f400020 size=27abch (162492) map[0m
[0;32mI (143) esp_image: segment 1: paddr=00037ae4 vaddr=3ffbdb60 size=04eb4h ( 20148) load[0m
[0;32mI (151) esp_image: segment 2: paddr=0003c9a0 vaddr=40080000 size=03678h ( 13944) load[0m
[0;32mI (157) esp_image: segment 3: paddr=00040020 vaddr=400d0020 size=8dd20h (580896) map[0m
[0;32mI (356) esp_image: segment 4: paddr=000cdd48 vaddr=40083678 size=143b8h ( 82872) load[0m
[0;32mI (388) esp_image: segment 5: paddr=000e2108 vaddr=50000000 size=00020h (    32) load[0m
[0;32mI (400) boot: Loaded app from partition at offset 0x10000[0m
[0;32mI (400) boot: Disabling RNG early entropy source...[0m
[0;32mI (411) cpu_start: Multicore app[0m
[0;32mI (419) cpu_start: Pro cpu start user code[0m
[0;32mI (419) cpu_start: cpu freq: 160000000 Hz[0m
[0;32mI (419) app_init: Application information:[0m
[0;32mI (419) app_init: Project name:     Do_An_2_Ble_Mesh[0m
[0;32mI (424) app_init: App version:      1[0m
[0;32mI (427) app_init: Compile time:     Apr 16 2026 06:08:22[0m
[0;32mI (432) app_init: ELF file SHA256:  2744ca6b8...[0m
[0;32mI (437) app_init: ESP-IDF:          v5.5.1[0m
[0;32mI (440) efuse_init: Min chip rev:     v0.0[0m
[0;32mI (444) efuse_init: Max chip rev:     v3.99 [0m
[0;32mI (448) efuse_init: Chip rev:         v3.0[0m
[0;32mI (452) heap_init: Initializing. RAM available for dynamic allocation:[0m
[0;32mI (459) heap_init: At 3FFAFF10 len 000000F0 (0 KiB): DRAM[0m
[0;32mI (463) heap_init: At 3FFB6388 len 00001C78 (7 KiB): DRAM[0m
[0;32mI (469) heap_init: At 3FFB9A20 len 00004108 (16 KiB): DRAM[0m
[0;32mI (474) heap_init: At 3FFC8F88 len 00017078 (92 KiB): DRAM[0m
[0;32mI (479) heap_init: At 3FFE0440 len 00003AE0 (14 KiB): D/IRAM[0m
[0;32mI (484) heap_init: At 3FFE4350 len 0001BCB0 (111 KiB): D/IRAM[0m
[0;32mI (490) heap_init: At 40097A30 len 000085D0 (33 KiB): IRAM[0m
I (497) spi_flash: detected chip: generic
[0;32mI (499) spi_flash: flash io: dio[0m
[0;33mW (502) spi_flash: Detected size(4096k) larger than the size in the binary image header(2048k). Using the size in the binary image header.[0m
[0;32mI (515) coexist: coex firmware version: b0bcc39[0m
[0;32mI (519) main_task: Started on CPU0[0m
[0;32mI (529) main_task: Calling app_main()[0m
[0;32mI (539) BTDM_INIT: BT controller compile version [722c907][0m
[0;32mI (539) BTDM_INIT: Using main XTAL as clock source[0m
[0;32mI (539) BTDM_INIT: Bluetooth MAC: c4:de:e2:ca:cb:be[0m
[0;32mI (539) phy_init: phy_version 4861,b71b5ad,Aug  5 2025,11:16:06[0m

assert failed: btc_ble_mesh_model_op_set btc_ble_mesh_prov.c:2016 (0)


Backtrace: 0x4008eacd:0x3ffce180 0x4008ea95:0x3ffce1a0 0x40094ded:0x3ffce1c0 0x401126db:0x3ffce2e0 0x40112cf4:0x3ffce300 0x400ff1c1:0x3ffce360 0x4010092f:0x3ffce380 0x4008f6a5:0x3ffce3b0




ELF file SHA256: 2744ca6b8

Rebooting...
ets Jul 29 2019 12:21:46

rst:0xc (SW_CPU_RESET),boot:0x13 (SPI_FAST_FLASH_BOOT)
configsip: 0, SPIWP:0xee
clk_drv:0x00,q_drv:0x00,d_drv:0x00,cs0_drv:0x00,hd_drv:0x00,wp_drv:0x00
mode:DIO, clock div:2
load:0x3fff0030,len:6380
ho 0 tail 12 room 4
load:0x40078000,len:15916
load:0x40080400,len:3860
entry 0x40080638
[0;32mI (29) boot: ESP-IDF v5.5.1 2nd stage bootloader[0m
[0;32mI (29) boot: compile time Apr 16 2026 02:34:52[0m
[0;32mI (29) boot: Multicore bootloader[0m
[0;32mI (31) boot: chip revision: v3.0[0m
[0;32mI (33) boot.esp32: SPI Speed      : 40MHz[0m
[0;32mI (37) boot.esp32: SPI Mode       : DIO[0m
[0;32mI (41) boot.esp32: SPI Flash Size : 2MB[0m
[0;32mI (44) boot: Enabling RNG early entropy source...[0m
[0;32mI (49) boot: Partition Table:[0m
[0;32mI (51) boot: ## Label            Usage          Type ST Offset   Length[0m
[0;32mI (58) boot:  0 nvs              WiFi data        01 02 00009000 00006000[0m
[0;32mI (64) boot:  1 phy_init         RF data          01 01 0000f000 00001000[0m
[0;32mI (71) boot:  2 factory          factory app      00 00 00010000 00100000[0m
[0;32mI (77) boot: End of partition table[0m
[0;32mI (80) esp_image: segment 0: paddr=00010020 vaddr=3f400020 size=27abch (162492) map[0m
[0;32mI (143) esp_image: segment 1: paddr=00037ae4 vaddr=3ffbdb60 size=04eb4h ( 20148) load[0m
[0;32mI (151) esp_image: segment 2: paddr=0003c9a0 vaddr=40080000 size=03678h ( 13944) load[0m
[0;32mI (157) esp_image: segment 3: paddr=00040020 vaddr=400d0020 size=8dd20h (580896) map[0m
[0;32mI (356) esp_image: segment 4: paddr=000cdd48 vaddr=40083678 size=143b8h ( 82872) load[0m
[0;32mI (388) esp_image: segment 5: paddr=000e2108 vaddr=50000000 size=00020h (    32) load[0m
[0;32mI (400) boot: Loaded app from partition at offset 0x10000[0m
[0;32mI (400) boot: Disabling RNG early entropy source...[0m
[0;32mI (411) cpu_start: Multicore app[0m
[0;32mI (419) cpu_start: Pro cpu start user code[0m
[0;32mI (419) cpu_start: cpu freq: 160000000 Hz[0m
[0;32mI (419) app_init: Application information:[0m
[0;32mI (419) app_init: Project name:     Do_An_2_Ble_Mesh[0m
[0;32mI (424) app_init: App version:      1[0m
[0;32mI (427) app_init: Compile time:     Apr 16 2026 06:08:22[0m
[0;32mI (432) app_init: ELF file SHA256:  2744ca6b8...[0m
[0;32mI (437) app_init: ESP-IDF:          v5.5.1[0m
[0;32mI (440) efuse_init: Min chip rev:     v0.0[0m
[0;32mI (444) efuse_init: Max chip rev:     v3.99 [0m
[0;32mI (448) efuse_init: Chip rev:         v3.0[0m
[0;32mI (452) heap_init: Initializing. RAM available for dynamic allocation:[0m
[0;32mI (459) heap_init: At 3FFAFF10 len 000000F0 (0 KiB): DRAM[0m
[0;32mI (463) heap_init: At 3FFB6388 len 00001C78 (7 KiB): DRAM[0m
[0;32mI (469) heap_init: At 3FFB9A20 len 00004108 (16 KiB): DRAM[0m
[0;32mI (474) heap_init: At 3FFC8F88 len 00017078 (92 KiB): DRAM[0m
[0;32mI (479) heap_init: At 3FFE0440 len 00003AE0 (14 KiB): D/IRAM[0m
[0;32mI (484) heap_init: At 3FFE4350 len 0001BCB0 (111 KiB): D/IRAM[0m
[0;32mI (490) heap_init: At 40097A30 len 000085D0 (33 KiB): IRAM[0m
[0;32mI (497) spi_flash: detected chip: generic[0m
[0;32mI (499) spi_flash: flash io: dio[0m
[0;33mW (502) spi_flash: Detected size(4096k) larger than the size in the binary image header(2048k). Using the size in the binary image header.[0m
[0;32mI (515) coexist: coex firmware version: b0bcc39[0m
[0;32mI (519) main_task: Started on CPU0[0m
[0;32mI (529) main_task: Calling app_main()[0m
[0;32mI (539) BTDM_INIT: BT controller compile version [722c907][0m
[0;32mI (539) BTDM_INIT: Using main XTAL as clock source[0m
[0;32mI (539) BTDM_INIT: Bluetooth MAC: c4:de:e2:ca:cb:be[0m
[0;32mI (539) phy_init: phy_version 4861,b71b5ad,Aug  5 2025,11:16:06[0m

assert failed: btc_ble_mesh_model_op_set btc_ble_mesh_prov.c:2016 (0)


Backtrace: 0x4008eacd:0x3ffce180 0x4008ea95:0x3ffce1a0 0x40094ded:0x3ffce1c0 0x401126db:0x3ffce2e0 0x40112cf4:0x3ffce300 0x400ff1c1:0x3ffce360 0x4010092f:0x3ffce380 0x4008f6a5:0x3ffce3b0




ELF file SHA256: 2744ca6b8

Rebooting...
ets Jul 29 2019 12:21:46

rst:0xc (SW_CPU_RESET),boot:0x13 (SPI_FAST_FLASH_BOOT)
configsip: 0, SPIWP:0xee
clk_drv:0x00,q_drv:0x00,d_drv:0x00,cs0_drv:0x00,hd_drv:0x00,wp_drv:0x00
mode:DIO, clock div:2
load:0x3fff0030,len:6380
ho 0 tail 12 room 4
load:0x40078000,len:15916
load:0x40080400,len:3860
entry 0x40080638
[0;32mI (29) boot: ESP-IDF v5.5.1 2nd stage bootloader[0m
[0;32mI (29) boot: compile time Apr 16 2026 02:34:52[0m
[0;32mI (29) boot: Multicore bootloader[0m
[0;32mI (31) boot: chip revision: v3.0[0m
[0;32mI (33) boot.esp32: SPI Speed      : 40MHz[0m
[0;32mI (37) boot.esp32: SPI Mode       : DIO[0m
[0;32mI (41) boot.esp32: SPI Flash Size : 2MB[0m
[0;32mI (44) boot: Enabling RNG early entropy source...[0m
[0;32mI (49) boot: Partition Table:[0m
[0;32mI (51) boot: ## Label            Usage          Type ST Offset   Length[0m
[0;32mI (58) boot:  0 nvs              WiFi data        01 02 00009000 00006000[0m
[0;32mI (64) boot:  1 phy_init         RF data          01 01 0000f000 00001000[0m
[0;32mI (71) boot:  2 factory          factory app      00 00 00010000 00100000[0m
[0;32mI (77) boot: End of partition table[0m
[0;32mI (80) esp_image: segment 0: paddr=00010020 vaddr=3f400020 size=27abch (162492) map[0m
[0;32mI (143) esp_image: segment 1: paddr=00037ae4 vaddr=3ffbdb60 size=04eb4h ( 20148) load[0m
[0;32mI (151) esp_image: segment 2: paddr=0003c9a0 vaddr=40080000 size=03678h ( 13944) load[0m
[0;32mI (157) esp_image: segment 3: paddr=00040020 vaddr=400d0020 size=8dd20h (580896) map[0m
[0;32mI (356) esp_image: segment 4: paddr=000cdd48 vaddr=40083678 size=143b8h ( 82872) load[0m
[0;32mI (388) esp_image: segment 5: paddr=000e2108 vaddr=50000000 size=00020h (    32) load[0m
[0;32mI (400) boot: Loaded app from partition at offset 0x10000[0m
[0;32mI (400) boot: Disabling RNG early entropy source...[0m
[0;32mI (411) cpu_start: Multicore app[0m
[0;32mI (419) cpu_start: Pro cpu start user code[0m
[0;32mI (419) cpu_start: cpu freq: 160000000 Hz[0m
[0;32mI (419) app_init: Application information:[0m
[0;32mI (419) app_init: Project name:     Do_An_2_Ble_Mesh[0m
[0;32mI (424) app_init: App version:      1[0m
[0;32mI (427) app_init: Compile time:     Apr 16 2026 06:08:22[0m
[0;32mI (432) app_init: ELF file SHA256:  2744ca6b8...[0m
[0;32mI (437) app_init: ESP-IDF:          v5.5.1[0m
[0;32mI (440) efuse_init: Min chip rev:     v0.0[0m
[0;32mI (444) efuse_init: Max chip rev:     v3.99 [0m
[0;32mI (448) efuse_init: Chip rev:         v3.0[0m
[0;32mI (452) heap_init: Initializing. RAM available for dynamic allocation:[0m
[0;32mI (459) heap_init: At 3FFAFF10 len 000000F0 (0 KiB): DRAM[0m
[0;32mI (463) heap_init: At 3FFB6388 len 00001C78 (7 KiB): DRAM[0m
[0;32mI (469) heap_init: At 3FFB9A20 len 00004108 (16 KiB): DRAM[0m
[0;32mI (474) heap_init: At 3FFC8F88 len 00017078 (92 KiB): DRAM[0m
[0;32mI (479) heap_init: At 3FFE0440 len 00003AE0 (14 KiB): D/IRAM[0m
[0;32mI (484) heap_init: At 3FFE4350 len 0001BCB0 (111 KiB): D/IRAM[0m
[0;32mI (490) heap_init: At 40097A30 len 000085D0 (33 KiB): IRAM[0m
[0;32mI (497) spi_flash: detected chip: generic[0m
[0;32mI (499) spi_flash: flash io: dio[0m
[0;33mW (502) spi_flash: Detected size(4096k) larger than the size in the binary image header(2048k). Using the size in the binary image header.[0m
[0;32mI (515) coexist: coex firmware version: b0bcc39[0m
[0;32mI (519) main_task: Started on CPU0[0m
[0;32mI (529) main_task: Calling app_main()[0m
[0;32mI (539) BTDM_INIT: BT controller compile version [722c907][0m
[0;32mI (539) BTDM_INIT: Using main XTAL as clock source[0m
[0;32mI (539) BTDM_INIT: Bluetooth MAC: c4:de:e2:ca:cb:be[0m
[0;32mI (539) phy_init: phy_version 4861,b71b5ad,Aug  5 2025,11:16:06[0m

assert failed: btc_ble_mesh_model_op_set btc_ble_mesh_prov.c:2016 (0)


Backtrace: 0x4008eacd:0x3ffce180 0x4008ea95:0x3ffce1a0 0x40094ded:0x3ffce1c0 0x401126db:0x3ffce2e0 0x40112cf4:0x3ffce300 0x400ff1c1:0x3ffce360 0x4010092f:0x3ffce380 0x4008f6a5:0x3ffce3b0




ELF file SHA256: 2744ca6b8

Rebooting...
ets Jul 29 2019 12:21:46

rst:0xc (SW_CPU_RESET),boot:0x13 (SPI_FAST_FLASH_BOOT)
configsip: 0, SPIWP:0xee
clk_drv:0x00,q_drv:0x00,d_drv:0x00,cs0_drv:0x00,hd_drv:0x00,wp_drv:0x00
mode:DIO, clock div:2
load:0x3fff0030,len:6380
ho 0 tail 12 room 4
load:0x40078000,len:15916
load:0x40080400,len:3860
entry 0x40080638
[0;32mI (29) boot: ESP-IDF v5.5.1 2nd stage bootloader[0m
[0;32mI (29) boot: compile time Apr 16 2026 02:34:52[0m
[0;32mI (29) boot: Multicore bootloader[0m
[0;32mI (31) boot: chip revision: v3.0[0m
[0;32mI (33) boot.esp32: SPI Speed      : 40MHz[0m
[0;32mI (37) boot.esp32: SPI Mode       : DIO[0m
[0;32mI (41) boot.esp32: SPI Flash Size : 2MB[0m
[0;32mI (44) boot: Enabling RNG early entropy source...[0m
[0;32mI (49) boot: Partition Table:[0m
[0;32mI (51) boot: ## Label            Usage          Type ST Offset   Length[0m
[0;32mI (58) boot:  0 nvs              WiFi data        01 02 00009000 00006000[0m
[0;32mI (64) boot:  1 phy_init         RF data          01 01 0000f000 00001000[0m
[0;32mI (71) boot:  2 factory          factory app      00 00 00010000 00100000[0m
[0;32mI (77) boot: End of partition table[0m
[0;32mI (80) esp_image: segment 0: paddr=00010020 vaddr=3f400020 size=27abch (162492) map[0m
[0;32mI (143) esp_image: segment 1: paddr=00037ae4 vaddr=3ffbdb60 size=04eb4h ( 20148) load[0m
[0;32mI (151) esp_image: segment 2: paddr=0003c9a0 vaddr=40080000 size=03678h ( 13944) load[0m
[0;32mI (157) esp_image: segment 3: paddr=00040020 vaddr=400d0020 size=8dd20h (580896) map[0m
[0;32mI (356) esp_image: segment 4: paddr=000cdd48 vaddr=40083678 size=143b8h ( 82872) load[0m
[0;32mI (388) esp_image: segment 5: paddr=000e2108 vaddr=50000000 size=00020h (    32) load[0m
[0;32mI (400) boot: Loaded app from partition at offset 0x10000[0m
[0;32mI (400) boot: Disabling RNG early entropy source...[0m
[0;32mI (411) cpu_start: Multicore app[0m
[0;32mI (419) cpu_start: Pro cpu start user code[0m
[0;32mI (419) cpu_start: cpu freq: 160000000 Hz[0m
[0;32mI (419) app_init: Application information:[0m
[0;32mI (419) app_init: Project name:     Do_An_2_Ble_Mesh[0m
[0;32mI (424) app_init: App version:      1[0m
[0;32mI (427) app_init: Compile time:     Apr 16 2026 06:08:22[0m
[0;32mI (432) app_init: ELF file SHA256:  2744ca6b8...[0m
[0;32mI (437) app_init: ESP-IDF:          v5.5.1[0m
[0;32mI (440) efuse_init: Min chip rev:     v0.0[0m
[0;32mI (444) efuse_init: Max chip rev:     v3.99 [0m
[0;32mI (448) efuse_init: Chip rev:         v3.0[0m
[0;32mI (452) heap_init: Initializing. RAM available for dynamic allocation:[0m
[0;32mI (459) heap_init: At 3FFAFF10 len 000000F0 (0 KiB): DRAM[0m
[0;32mI (463) heap_init: At 3FFB6388 len 00001C78 (7 KiB): DRAM[0m
[0;32mI (469) heap_init: At 3FFB9A20 len 00004108 (16 KiB): DRAM[0m
[0;32mI (474) heap_init: At 3FFC8F88 len 00017078 (92 KiB): DRAM[0m
[0;32mI (479) heap_init: At 3FFE0440 len 00003AE0 (14 KiB): D/IRAM[0m
[0;32mI (484) heap_init: At 3FFE4350 len 0001BCB0 (111 KiB): D/IRAM[0m
[0;32mI (490) heap_init: At 40097A30 len 000085D0 (33 KiB): IRAM[0m
[0;32mI (497) spi_flash: detected chip: generic[0m
[0;32mI (499) spi_flash: flash io: dio[0m
[0;33mW (502) spi_flash: Detected size(4096k) larger than the size in the binary image header(2048k). Using the size in the binary image header.[0m
[0;32mI (515) coexist: coex firmware version: b0bcc39[0m
[0;32mI (519) main_task: Started on CPU0[0m
[0;32mI (529) main_task: Calling app_main()[0m
[0;32mI (539) BTDM_INIT: BT controller compile version [722c907][0m
[0;32mI (539) BTDM_INIT: Using main XTAL as clock source[0m
[0;32mI (539) BTDM_INIT: Bluetooth MAC: c4:de:e2:ca:cb:be[0m
[0;32mI (539) phy_init: phy_version 4861,b71b5ad,Aug  5 2025,11:16:06[0m

assert failed: btc_ble_mesh_model_op_set btc_ble_mesh_prov.c:2016 (0)


Backtrace: 0x4008eacd:0x3ffce180 0x4008ea95:0x3ffce1a0 0x40094ded:0x3ffce1c0 0x401126db:0x3ffce2e0 0x40112cf4:0x3ffce300 0x400ff1c1:0x3ffce360 0x4010092f:0x3ffce380 0x4008f6a5:0x3ffce3b0




ELF file SHA256: 2744ca6b8

Rebooting...
ets Jul 29 2019 12:21:46

rst:0xc (SW_CPU_RESET),boot:0x13 (SPI_FAST_FLASH_BOOT)
configsip: 0, SPIWP:0xee
clk_drv:0x00,q_drv:0x00,d_drv:0x00,cs0_drv:0x00,hd_drv:0x00,wp_drv:0x00
mode:DIO, clock div:2
load:0x3fff0030,len:6380
ho 0 tail 12 room 4
load:0x40078000,len:15916
load:0x40080400,len:3860
entry 0x40080638
[0;32mI (29) boot: ESP-IDF v5.5.1 2nd stage bootloader[0m
[0;32mI (29) boot: compile time Apr 16 2026 02:34:52[0m
[0;32mI (29) boot: Multicore bootloader[0m
[0;32mI (31) boot: chip revision: v3.0[0m
[0;32mI (33) boot.esp32: SPI Speed      : 40MHz[0m
[0;32mI (37) boot.esp32: SPI Mode       : DIO[0m
[0;32mI (41) boot.esp32: SPI Flash Size : 2MB[0m
[0;32mI (44) boot: Enabling RNG early entropy source...[0m
[0;32mI (49) boot: Partition Table:[0m
[0;32mI (51) boot: ## Label            Usage          Type ST Offset   Length[0m
[0;32mI (58) boot:  0 nvs              WiFi data        01 02 00009000 00006000[0m
[0;32mI (64) boot:  1 phy_init         RF data          01 01 0000f000 00001000[0m
[0;32mI (71) boot:  2 factory          factory app      00 00 00010000 00100000[0m
[0;32mI (77) boot: End of partition table[0m
[0;32mI (80) esp_image: segment 0: paddr=00010020 vaddr=3f400020 size=27abch (162492) map[0m
[0;32mI (143) esp_image: segment 1: paddr=00037ae4 vaddr=3ffbdb60 size=04eb4h ( 20148) load[0m
[0;32mI (151) esp_image: segment 2: paddr=0003c9a0 vaddr=40080000 size=03678h ( 13944) load[0m
[0;32mI (157) esp_image: segment 3: paddr=00040020 vaddr=400d0020 size=8dd20h (580896) map[0m
[0;32mI (356) esp_image: segment 4: paddr=000cdd48 vaddr=40083678 size=143b8h ( 82872) load[0m
[0;32mI (388) esp_image: segment 5: paddr=000e2108 vaddr=50000000 size=00020h (    32) load[0m
[0;32mI (400) boot: Loaded app from partition at offset 0x10000[0m
[0;32mI (400) boot: Disabling RNG early entropy source...[0m
[0;32mI (411) cpu_start: Multicore app[0m
[0;32mI (419) cpu_start: Pro cpu start user code[0m
[0;32mI (419) cpu_start: cpu freq: 160000000 Hz[0m
[0;32mI (419) app_init: Application information:[0m
[0;32mI (419) app_init: Project name:     Do_An_2_Ble_Mesh[0m
[0;32mI (424) app_init: App version:      1[0m
[0;32mI (427) app_init: Compile time:     Apr 16 2026 06:08:22[0m
[0;32mI (432) app_init: ELF file SHA256:  2744ca6b8...[0m
[0;32mI (437) app_init: ESP-IDF:          v5.5.1[0m
[0;32mI (440) efuse_init: Min chip rev:     v0.0[0m
[0;32mI (444) efuse_init: Max chip rev:     v3.99 [0m
[0;32mI (448) efuse_init: Chip rev:         v3.0[0m
[0;32mI (452) heap_init: Initializing. RAM available for dynamic allocation:[0m
[0;32mI (459) heap_init: At 3FFAFF10 len 000000F0 (0 KiB): DRAM[0m
[0;32mI (463) heap_init: At 3FFB6388 len 00001C78 (7 KiB): DRAM[0m
[0;32mI (469) heap_init: At 3FFB9A20 len 00004108 (16 KiB): DRAM[0m
[0;32mI (474) heap_init: At 3FFC8F88 len 00017078 (92 KiB): DRAM[0m
[0;32mI (479) heap_init: At 3FFE0440 len 00003AE0 (14 KiB): D/IRAM[0m
[0;32mI (484) heap_init: At 3FFE4350 len 0001BCB0 (111 KiB): D/IRAM[0m
[0;32mI (490) heap_init: At 40097A30 len 000085D0 (33 KiB): IRAM[0m
[0;32mI (497) spi_flash: detected chip: generic[0m
[0;32mI (499) spi_flash: flash io: dio[0m
[0;33mW (502) spi_flash: Detected size(4096k) larger than the size in the binary image header(2048k). Using the size in the binary image header.[0m
[0;32mI (515) coexist: coex firmware version: b0bcc39[0m
[0;32mI (519) main_task: Started on CPU0[0m
[0;32mI (529) main_task: Calling app_main()[0m
[0;32mI (539) BTDM_INIT: BT controller compile version [722c907][0m
[0;32mI (539) BTDM_INIT: Using main XTAL as clock source[0m
[0;32mI (539) BTDM_INIT: Bluetooth MAC: c4:de:e2:ca:cb:be[0m
[0;32mI (539) phy_init: phy_version 4861,b71b5ad,Aug  5 2025,11:16:06[0m

assert failed: btc_ble_mesh_model_op_set btc_ble_mesh_prov.c:2016 (0)


Backtrace: 0x4008eacd:0x3ffce180 0x4008ea95:0x3ffce1a0 0x40094ded:0x3ffce1c0 0x401126db:0x3ffce2e0 0x40112cf4:0x3ffce300 0x400ff1c1:0x3ffce360 0x4010092f:0x3ffce380 0x4008f6a5:0x3ffce3b0




ELF file SHA256: 2744ca6b8

Rebooting...
ets Jul 29 2019 12:21:46

rst:0xc (SW_CPU_RESET),boot:0x13 (SPI_FAST_FLASH_BOOT)
configsip: 0, SPIWP:0xee
clk_drv:0x00,q_drv:0x00,d_drv:0x00,cs0_drv:0x00,hd_drv:0x00,wp_drv:0x00
mode:DIO, clock div:2
load:0x3fff0030,len:6380
ho 0 tail 12 room 4
load:0x40078000,len:15916
load:0x40080400,len:3860
entry 0x40080638
[0;32mI (29) boot: ESP-IDF v5.5.1 2nd stage bootloader[0m
[0;32mI (29) boot: compile time Apr 16 2026 02:34:52[0m
[0;32mI (29) boot: Multicore bootloader[0m
[0;32mI (31) boot: chip revision: v3.0[0m
[0;32mI (33) boot.esp32: SPI Speed      : 40MHz[0m
[0;32mI (37) boot.esp32: SPI Mode       : DIO[0m
[0;32mI (41) boot.esp32: SPI Flash Size : 2MB[0m
[0;32mI (44) boot: Enabling RNG early entropy source...[0m
[0;32mI (49) boot: Partition Table:[0m
[0;32mI (51) boot: ## Label            Usage          Type ST Offset   Length[0m
[0;32mI (58) boot:  0 nvs              WiFi data        01 02 00009000 00006000[0m
[0;32mI (64) boot:  1 phy_init         RF data          01 01 0000f000 00001000[0m
[0;32mI (71) boot:  2 factory          factory app      00 00 00010000 00100000[0m
[0;32mI (77) boot: End of partition table[0m
[0;32mI (80) esp_image: segment 0: paddr=00010020 vaddr=3f400020 size=27abch (162492) map[0m
[0;32mI (143) esp_image: segment 1: paddr=00037ae4 vaddr=3ffbdb60 size=04eb4h ( 20148) load[0m
[0;32mI (151) esp_image: segment 2: paddr=0003c9a0 vaddr=40080000 size=03678h ( 13944) load[0m
[0;32mI (157) esp_image: segment 3: paddr=00040020 vaddr=400d0020 size=8dd20h (580896) map[0m
[0;32mI (356) esp_image: segment 4: paddr=000cdd48 vaddr=40083678 size=143b8h ( 82872) load[0m
[0;32mI (388) esp_image: segment 5: paddr=000e2108 vaddr=50000000 size=00020h (    32) load[0m
[0;32mI (400) boot: Loaded app from partition at offset 0x10000[0m
[0;32mI (400) boot: Disabling RNG early entropy source...[0m
[0;32mI (411) cpu_start: Multicore app[0m
[0;32mI (419) cpu_start: Pro cpu start user code[0m
[0;32mI (419) cpu_start: cpu freq: 160000000 Hz[0m
[0;32mI (419) app_init: Application information:[0m
[0;32mI (419) app_init: Project name:     Do_An_2_Ble_Mesh[0m
[0;32mI (424) app_init: App version:      1[0m
[0;32mI (427) app_init: Compile time:     Apr 16 2026 06:08:22[0m
[0;32mI (432) app_init: ELF file SHA256:  2744ca6b8...[0m
[0;32mI (437) app_init: ESP-IDF:          v5.5.1[0m
[0;32mI (440) efuse_init: Min chip rev:     v0.0[0m
[0;32mI (444) efuse_init: Max chip rev:     v3.99 [0m
I (448) efuse_init: Chip rev:         v3.0
[0;32mI (452) heap_init: Initializing. RAM available for dynamic allocation:[0m
[0;32mI (459) heap_init: At 3FFAFF10 len 000000F0 (0 KiB): DRAM[0m
[0;32mI (463) heap_init: At 3FFB6388 len 00001C78 (7 KiB): DRAM[0m
[0;32mI (469) heap_init: At 3FFB9A20 len 00004108 (16 KiB): DRAM[0m
[0;32mI (474) heap_init: At 3FFC8F88 len 00017078 (92 KiB): DRAM[0m
[0;32mI (479) heap_init: At 3FFE0440 len 00003AE0 (14 KiB): D/IRAM[0m
[0;32mI (484) heap_init: At 3FFE4350 len 0001BCB0 (111 KiB): D/IRAM[0m
[0;32mI (490) heap_init: At 40097A30 len 000085D0 (33 KiB): IRAM[0m
[0;32mI (497) spi_flash: detected chip: generic[0m
[0;32mI (499) spi_flash: flash io: dio[0m
[0;33mW (502) spi_flash: Detected size(4096k) larger than the size in the binary image header(2048k). Using the size in the binary image header.[0m
[0;32mI (515) coexist: coex firmware version: b0bcc39[0m
[0;32mI (519) main_task: Started on CPU0[0m
[0;32mI (529) main_task: Calling app_main()[0m
[0;32mI (539) BTDM_INIT: BT controller compile version [722c907][0m
[0;32mI (539) BTDM_INIT: Using main XTAL as clock source[0m
[0;32mI (539) BTDM_INIT: Bluetooth MAC: c4:de:e2:ca:cb:be[0m
[0;32mI (539) phy_init: phy_version 4861,b71b5ad,Aug  5 2025,11:16:06[0m

assert failed: btc_ble_mesh_model_op_set btc_ble_mesh_prov.c:2016 (0)


Backtrace: 0x4008eacd:0x3ffce180 0x4008ea95:0x3ffce1a0 0x40094ded:0x3ffce1c0 0x401126db:0x3ffce2e0 0x40112cf4:0x3ffce300 0x400ff1c1:0x3ffce360 0x4010092f:0x3ffce380 0x4008f6a5:0x3ffce3b0




ELF file SHA256: 2744ca6b8

Rebooting...
ets Jul 29 2019 12:21:46

rst:0xc (SW_CPU_RESET),boot:0x13 (SPI_FAST_FLASH_BOOT)
configsip: 0, SPIWP:0xee
clk_drv:0x00,q_drv:0x00,d_drv:0x00,cs0_drv:0x00,hd_drv:0x00,wp_drv:0x00
mode:DIO, clock div:2
load:0x3fff0030,len:6380
ho 0 tail 12 room 4
load:0x40078000,len:15916
load:0x40080400,len:3860
entry 0x40080638
[0;32mI (29) boot: ESP-IDF v5.5.1 2nd stage bootloader[0m
[0;32mI (29) boot: compile time Apr 16 2026 02:34:52[0m
[0;32mI (29) boot: Multicore bootloader[0m
[0;32mI (31) boot: chip revision: v3.0[0m
[0;32mI (33) boot.esp32: SPI Speed      : 40MHz[0m
[0;32mI (37) boot.esp32: SPI Mode       : DIO[0m
[0;32mI (41) boot.esp32: SPI Flash Size : 2MB[0m
[0;32mI (44) boot: Enabling RNG early entropy source...[0m
[0;32mI (49) boot: Partition Table:[0m
[0;32mI (51) boot: ## Label            Usage          Type ST Offset   Length[0m
[0;32mI (58) boot:  0 nvs              WiFi data        01 02 00009000 00006000[0m
[0;32mI (64) boot:  1 phy_init         RF data          01 01 0000f000 00001000[0m
[0;32mI (71) boot:  2 factory          factory app      00 00 00010000 00100000[0m
[0;32mI (77) boot: End of partition table[0m
[0;32mI (80) esp_image: segment 0: paddr=00010020 vaddr=3f400020 size=27abch (162492) map[0m
[0;32mI (143) esp_image: segment 1: paddr=00037ae4 vaddr=3ffbdb60 size=04eb4h ( 20148) load[0m
[0;32mI (151) esp_image: segment 2: paddr=0003c9a0 vaddr=40080000 size=03678h ( 13944) load[0m
[0;32mI (157) esp_image: segment 3: paddr=00040020 vaddr=400d0020 size=8dd20h (580896) map[0m
[0;32mI (356) esp_image: segment 4: paddr=000cdd48 vaddr=40083678 size=143b8h ( 82872) load[0m
[0;32mI (388) esp_image: segment 5: paddr=000e2108 vaddr=50000000 size=00020h (    32) load[0m
[0;32mI (400) boot: Loaded app from partition at offset 0x10000[0m
[0;32mI (400) boot: Disabling RNG early entropy source...[0m
[0;32mI (411) cpu_start: Multicore app[0m
[0;32mI (419) cpu_start: Pro cpu start user code[0m
[0;32mI (419) cpu_start: cpu freq: 160000000 Hz[0m
[0;32mI (419) app_init: Application information:[0m
[0;32mI (419) app_init: Project name:     Do_An_2_Ble_Mesh[0m
[0;32mI (424) app_init: App version:      1[0m
[0;32mI (427) app_init: Compile time:     Apr 16 2026 06:08:22[0m
[0;32mI (432) app_init: ELF file SHA256:  2744ca6b8...[0m
[0;32mI (437) app_init: ESP-IDF:          v5.5.1[0m
[0;32mI (440) efuse_init: Min chip rev:     v0.0[0m
[0;32mI (444) efuse_init: Max chip rev:     v3.99 [0m
[0;32mI (448) efuse_init: Chip rev:         v3.0[0m
[0;32mI (452) heap_init: Initializing. RAM available for dynamic allocation:[0m
[0;32mI (459) heap_init: At 3FFAFF10 len 000000F0 (0 KiB): DRAM[0m
[0;32mI (463) heap_init: At 3FFB6388 len 00001C78 (7 KiB): DRAM[0m
[0;32mI (469) heap_init: At 3FFB9A20 len 00004108 (16 KiB): DRAM[0m
[0;32mI (474) heap_init: At 3FFC8F88 len 00017078 (92 KiB): DRAM[0m
I (479) heap_init: At 3FFE0440 len 00003AE0 (14 KiB): D/IRAM
[0;32mI (484) heap_init: At 3FFE4350 len 0001BCB0 (111 KiB): D/IRAM[0m
[0;32mI (490) heap_init: At 40097A30 len 000085D0 (33 KiB): IRAM[0m
[0;32mI (497) spi_flash: detected chip: generic[0m
[0;32mI (499) spi_flash: flash io: dio[0m
[0;33mW (502) spi_flash: Detected size(4096k) larger than the size in the binary image header(2048k). Using the size in the binary image header.[0m
[0;32mI (515) coexist: coex firmware version: b0bcc39[0m
[0;32mI (519) main_task: Started on CPU0[0m
[0;32mI (529) main_task: Calling app_main()[0m
[0;32mI (539) BTDM_INIT: BT controller compile version [722c907][0m
[0;32mI (539) BTDM_INIT: Using main XTAL as clock source[0m
[0;32mI (539) BTDM_INIT: Bluetooth MAC: c4:de:e2:ca:cb:be[0m
[0;32mI (539) phy_init: phy_version 4861,b71b5ad,Aug  5 2025,11:16:06[0m

assert failed: btc_ble_mesh_model_op_set btc_ble_mesh_prov.c:2016 (0)


Backtrace: 0x4008eacd:0x3ffce180 0x4008ea95:0x3ffce1a0 0x40094ded:0x3ffce1c0 0x401126db:0x3ffce2e0 0x40112cf4:0x3ffce300 0x400ff1c1:0x3ffce360 0x4010092f:0x3ffce380 0x4008f6a5:0x3ffce3b0




ELF file SHA256: 2744ca6b8

Rebooting...
ets Jul 29 2019 12:21:46

rst:0xc (SW_CPU_RESET),boot:0x13 (SPI_FAST_FLASH_BOOT)
configsip: 0, SPIWP:0xee
clk_drv:0x00,q_drv:0x00,d_drv:0x00,cs0_drv:0x00,hd_drv:0x00,wp_drv:0x00
mode:DIO, clock div:2
load:0x3fff0030,len:6380
ho 0 tail 12 room 4
load:0x40078000,len:15916
load:0x40080400,len:3860
entry 0x40080638
[0;32mI (29) boot: ESP-IDF v5.5.1 2nd stage bootloader[0m
[0;32mI (29) boot: compile time Apr 16 2026 02:34:52[0m
[0;32mI (29) boot: Multicore bootloader[0m
[0;32mI (31) boot: chip revision: v3.0[0m
[0;32mI (33) boot.esp32: SPI Speed      : 40MHz[0m
[0;32mI (37) boot.esp32: SPI Mode       : DIO[0m
[0;32mI (41) boot.esp32: SPI Flash Size : 2MB[0m
[0;32mI (44) boot: Enabling RNG early entropy source...[0m
[0;32mI (49) boot: Partition Table:[0m
[0;32mI (51) boot: ## Label            Usage          Type ST Offset   Length[0m
[0;32mI (58) boot:  0 nvs              WiFi data        01 02 00009000 00006000[0m
[0;32mI (64) boot:  1 phy_init         RF data          01 01 0000f000 00001000[0m
[0;32mI (71) boot:  2 factory          factory app      00 00 00010000 00100000[0m
[0;32mI (77) boot: End of partition table[0m
[0;32mI (80) esp_image: segment 0: paddr=00010020 vaddr=3f400020 size=27abch (162492) map[0m
[0;32mI (143) esp_image: segment 1: paddr=00037ae4 vaddr=3ffbdb60 size=04eb4h ( 20148) load[0m
[0;32mI (151) esp_image: segment 2: paddr=0003c9a0 vaddr=40080000 size=03678h ( 13944) load[0m
[0;32mI (157) esp_image: segment 3: paddr=00040020 vaddr=400d0020 size=8dd20h (580896) map[0m
[0;32mI (356) esp_image: segment 4: paddr=000cdd48 vaddr=40083678 size=143b8h ( 82872) load[0m
[0;32mI (388) esp_image: segment 5: paddr=000e2108 vaddr=50000000 size=00020h (    32) load[0m
[0;32mI (400) boot: Loaded app from partition at offset 0x10000[0m
[0;32mI (400) boot: Disabling RNG early entropy source...[0m
[0;32mI (411) cpu_start: Multicore app[0m
[0;32mI (419) cpu_start: Pro cpu start user code[0m
[0;32mI (419) cpu_start: cpu freq: 160000000 Hz[0m
[0;32mI (419) app_init: Application information:[0m
[0;32mI (419) app_init: Project name:     Do_An_2_Ble_Mesh[0m
[0;32mI (424) app_init: App version:      1[0m
[0;32mI (427) app_init: Compile time:     Apr 16 2026 06:08:22[0m
[0;32mI (432) app_init: ELF file SHA256:  2744ca6b8...[0m
[0;32mI (437) app_init: ESP-IDF:          v5.5.1[0m
[0;32mI (440) efuse_init: Min chip rev:     v0.0[0m
[0;32mI (444) efuse_init: Max chip rev:     v3.99 [0m
[0;32mI (448) efuse_init: Chip rev:         v3.0[0m
[0;32mI (452) heap_init: Initializing. RAM available for dynamic allocation:[0m
[0;32mI (459) heap_init: At 3FFAFF10 len 000000F0 (0 KiB): DRAM[0m
[0;32mI (463) heap_init: At 3FFB6388 len 00001C78 (7 KiB): DRAM[0m
[0;32mI (469) heap_init: At 3FFB9A20 len 00004108 (16 KiB): DRAM[0m
[0;32mI (474) heap_init: At 3FFC8F88 len 00017078 (92 KiB): DRAM[0m
[0;32mI (479) heap_init: At 3FFE0440 len 00003AE0 (14 KiB): D/IRAM[0m
[0;32mI (484) heap_init: At 3FFE4350 len 0001BCB0 (111 KiB): D/IRAM[0m
[0;32mI (490) heap_init: At 40097A30 len 000085D0 (33 KiB): IRAM[0m
[0;32mI (497) spi_flash: detected chip: generic[0m
[0;32mI (499) spi_flash: flash io: dio[0m
[0;33mW (502) spi_flash: Detected size(4096k) larger than the size in the binary image header(2048k). Using the size in the binary image header.[0m
[0;32mI (515) coexist: coex firmware version: b0bcc39[0m
[0;32mI (519) main_task: Started on CPU0[0m
[0;32mI (529) main_task: Calling app_main()[0m
[0;32mI (539) BTDM_INIT: BT controller compile version [722c907][0m
[0;32mI (539) BTDM_INIT: Using main XTAL as clock source[0m
[0;32mI (539) BTDM_INIT: Bluetooth MAC: c4:de:e2:ca:cb:be[0m
[0;32mI (539) phy_init: phy_version 4861,b71b5ad,Aug  5 2025,11:16:06[0m

assert failed: btc_ble_mesh_model_op_set btc_ble_mesh_prov.c:2016 (0)


Backtrace: 0x4008eacd:0x3ffce180 0x4008ea95:0x3ffce1a0 0x40094ded:0x3ffce1c0 0x401126db:0x3ffce2e0 0x40112cf4:0x3ffce300 0x400ff1c1:0x3ffce360 0x4010092f:0x3ffce380 0x4008f6a5:0x3ffce3b0




ELF file SHA256: 2744ca6b8

Rebooting...
ets Jul 29 2019 12:21:46

rst:0xc (SW_CPU_RESET),boot:0x13 (SPI_FAST_FLASH_BOOT)
configsip: 0, SPIWP:0xee
clk_drv:0x00,q_drv:0x00,d_drv:0x00,cs0_drv:0x00,hd_drv:0x00,wp_drv:0x00
mode:DIO, clock div:2
load:0x3fff0030,len:6380
ho 0 tail 12 room 4
load:0x40078000,len:15916
load:0x40080400,len:3860
entry 0x40080638
[0;32mI (29) boot: ESP-IDF v5.5.1 2nd stage bootloader[0m
[0;32mI (29) boot: compile time Apr 16 2026 02:34:52[0m
[0;32mI (29) boot: Multicore bootloader[0m
[0;32mI (31) boot: chip revision: v3.0[0m
[0;32mI (33) boot.esp32: SPI Speed      : 40MHz[0m
[0;32mI (37) boot.esp32: SPI Mode       : DIO[0m
[0;32mI (41) boot.esp32: SPI Flash Size : 2MB[0m
[0;32mI (44) boot: Enabling RNG early entropy source...[0m
[0;32mI (49) boot: Partition Table:[0m
[0;32mI (51) boot: ## Label            Usage          Type ST Offset   Length[0m
[0;32mI (58) boot:  0 nvs              WiFi data        01 02 00009000 00006000[0m
[0;32mI (64) boot:  1 phy_init         RF data          01 01 0000f000 00001000[0m
[0;32mI (71) boot:  2 factory          factory app      00 00 00010000 00100000[0m
[0;32mI (77) boot: End of partition table[0m
[0;32mI (80) esp_image: segment 0: paddr=00010020 vaddr=3f400020 size=27abch (162492) map[0m
[0;32mI (143) esp_image: segment 1: paddr=00037ae4 vaddr=3ffbdb60 size=04eb4h ( 20148) load[0m
[0;32mI (151) esp_image: segment 2: paddr=0003c9a0 vaddr=40080000 size=03678h ( 13944) load[0m
[0;32mI (157) esp_image: segment 3: paddr=00040020 vaddr=400d0020 size=8dd20h (580896) map[0m
[0;32mI (356) esp_image: segment 4: paddr=000cdd48 vaddr=40083678 size=143b8h ( 82872) load[0m
[0;32mI (388) esp_image: segment 5: paddr=000e2108 vaddr=50000000 size=00020h (    32) load[0m
[0;32mI (400) boot: Loaded app from partition at offset 0x10000[0m
[0;32mI (400) boot: Disabling RNG early entropy source...[0m
[0;32mI (411) cpu_start: Multicore app[0m
[0;32mI (419) cpu_start: Pro cpu start user code[0m
[0;32mI (419) cpu_start: cpu freq: 160000000 Hz[0m
[0;32mI (419) app_init: Application information:[0m
[0;32mI (419) app_init: Project name:     Do_An_2_Ble_Mesh[0m
[0;32mI (424) app_init: App version:      1[0m
[0;32mI (427) app_init: Compile time:     Apr 16 2026 06:08:22[0m
[0;32mI (432) app_init: ELF file SHA256:  2744ca6b8...[0m
[0;32mI (437) app_init: ESP-IDF:          v5.5.1[0m
[0;32mI (440) efuse_init: Min chip rev:     v0.0[0m
[0;32mI (444) efuse_init: Max chip rev:     v3.99 [0m
[0;32mI (448) efuse_init: Chip rev:         v3.0[0m
[0;32mI (452) heap_init: Initializing. RAM available for dynamic allocation:[0m
[0;32mI (459) heap_init: At 3FFAFF10 len 000000F0 (0 KiB): DRAM[0m
[0;32mI (463) heap_init: At 3FFB6388 len 00001C78 (7 KiB): DRAM[0m
[0;32mI (469) heap_init: At 3FFB9A20 len 00004108 (16 KiB): DRAM[0m
[0;32mI (474) heap_init: At 3FFC8F88 len 00017078 (92 KiB): DRAM[0m
[0;32mI (479) heap_init: At 3FFE0440 len 00003AE0 (14 KiB): D/IRAM[0m
[0;32mI (484) heap_init: At 3FFE4350 len 0001BCB0 (111 KiB): D/IRAM[0m
[0;32mI (490) heap_init: At 40097A30 len 000085D0 (33 KiB): IRAM[0m
[0;32mI (497) spi_flash: detected chip: generic[0m
[0;32mI (499) spi_flash: flash io: dio[0m
[0;33mW (502) spi_flash: Detected size(4096k) larger than the size in the binary image header(2048k). Using the size in the binary image header.[0m
[0;32mI (515) coexist: coex firmware version: b0bcc39[0m
[0;32mI (519) main_task: Started on CPU0[0m
[0;32mI (529) main_task: Calling app_main()[0m
[0;32mI (539) BTDM_INIT: BT controller compile version [722c907][0m
[0;32mI (539) BTDM_INIT: Using main XTAL as clock source[0m
[0;32mI (539) BTDM_INIT: Bluetooth MAC: c4:de:e2:ca:cb:be[0m
[0;32mI (539) phy_init: phy_version 4861,b71b5ad,Aug  5 2025,11:16:06[0m

assert failed: btc_ble_mesh_model_op_set btc_ble_mesh_prov.c:2016 (0)


Backtrace: 0x4008eacd:0x3ffce180 0x4008ea95:0x3ffce1a0 0x40094ded:0x3ffce1c0 0x401126db:0x3ffce2e0 0x40112cf4:0x3ffce300 0x400ff1c1:0x3ffce360 0x4010092f:0x3ffce380 0x4008f6a5:0x3ffce3b0




ELF file SHA256: 2744ca6b8

Rebooting...
ets Jul 29 2019 12:21:46

rst:0xc (SW_CPU_RESET),boot:0x13 (SPI_FAST_FLASH_BOOT)
configsip: 0, SPIWP:0xee
clk_drv:0x00,q_drv:0x00,d_drv:0x00,cs0_drv:0x00,hd_drv:0x00,wp_drv:0x00
mode:DIO, clock div:2
load:0x3fff0030,len:6380
ho 0 tail 12 room 4
load:0x40078000,len:15916
load:0x40080400,len:3860
entry 0x40080638
[0;32mI (29) boot: ESP-IDF v5.5.1 2nd stage bootloader[0m
[0;32mI (29) boot: compile time Apr 16 2026 02:34:52[0m
[0;32mI (29) boot: Multicore bootloader[0m
[0;32mI (31) boot: chip revision: v3.0[0m
[0;32mI (33) boot.esp32: SPI Speed      : 40MHz[0m
[0;32mI (37) boot.esp32: SPI Mode       : DIO[0m
[0;32mI (41) boot.esp32: SPI Flash Size : 2MB[0m
[0;32mI (44) boot: Enabling RNG early entropy source...[0m
[0;32mI (49) boot: Partition Table:[0m
[0;32mI (51) boot: ## Label            Usage          Type ST Offset   Length[0m
[0;32mI (58) boot:  0 nvs              WiFi data        01 02 00009000 00006000[0m
[0;32mI (64) boot:  1 phy_init         RF data          01 01 0000f000 00001000[0m
[0;32mI (71) boot:  2 factory          factory app      00 00 00010000 00100000[0m
[0;32mI (77) boot: End of partition table[0m
[0;32mI (80) esp_image: segment 0: paddr=00010020 vaddr=3f400020 size=27abch (162492) map[0m
[0;32mI (143) esp_image: segment 1: paddr=00037ae4 vaddr=3ffbdb60 size=04eb4h ( 20148) load[0m
[0;32mI (151) esp_image: segment 2: paddr=0003c9a0 vaddr=40080000 size=03678h ( 13944) load[0m
[0;32mI (157) esp_image: segment 3: paddr=00040020 vaddr=400d0020 size=8dd20h (580896) map[0m
[0;32mI (356) esp_image: segment 4: paddr=000cdd48 vaddr=40083678 size=143b8h ( 82872) load[0m
[0;32mI (388) esp_image: segment 5: paddr=000e2108 vaddr=50000000 size=00020h (    32) load[0m
[0;32mI (400) boot: Loaded app from partition at offset 0x10000[0m
[0;32mI (400) boot: Disabling RNG early entropy source...[0m
[0;32mI (411) cpu_start: Multicore app[0m
[0;32mI (419) cpu_start: Pro cpu start user code[0m
[0;32mI (419) cpu_start: cpu freq: 160000000 Hz[0m
[0;32mI (419) app_init: Application information:[0m
[0;32mI (419) app_init: Project name:     Do_An_2_Ble_Mesh[0m
[0;32mI (424) app_init: App version:      1[0m
[0;32mI (427) app_init: Compile time:     Apr 16 2026 06:08:22[0m
[0;32mI (432) app_init: ELF file SHA256:  2744ca6b8...[0m
[0;32mI (437) app_init: ESP-IDF:          v5.5.1[0m
[0;32mI (440) efuse_init: Min chip rev:     v0.0[0m
[0;32mI (444) efuse_init: Max chip rev:     v3.99 [0m
[0;32mI (448) efuse_init: Chip rev:         v3.0[0m
[0;32mI (452) heap_init: Initializing. RAM available for dynamic allocation:[0m
[0;32mI (459) heap_init: At 3FFAFF10 len 000000F0 (0 KiB): DRAM[0m
[0;32mI (463) heap_init: At 3FFB6388 len 00001C78 (7 KiB): DRAM[0m
[0;32mI (469) heap_init: At 3FFB9A20 len 00004108 (16 KiB): DRAM[0m
[0;32mI (474) heap_init: At 3FFC8F88 len 00017078 (92 KiB): DRAM[0m
[0;32mI (479) heap_init: At 3FFE0440 len 00003AE0 (14 KiB): D/IRAM[0m
[0;32mI (484) heap_init: At 3FFE4350 len 0001BCB0 (111 KiB): D/IRAM[0m
[0;32mI (490) heap_init: At 40097A30 len 000085D0 (33 KiB): IRAM[0m
[0;32mI (497) spi_flash: detected chip: generic[0m
[0;32mI (499) spi_flash: flash io: dio[0m
[0;33mW (502) spi_flash: Detected size(4096k) larger than the size in the binary image header(2048k). Using the size in the binary image header.[0m
[0;32mI (515) coexist: coex firmware version: b0bcc39[0m
[0;32mI (519) main_task: Started on CPU0[0m
[0;32mI (529) main_task: Calling app_main()[0m
[0;32mI (539) BTDM_INIT: BT controller compile version [722c907][0m
[0;32mI (539) BTDM_INIT: Using main XTAL as clock source[0m
[0;32mI (539) BTDM_INIT: Bluetooth MAC: c4:de:e2:ca:cb:be[0m
[0;32mI (539) phy_init: phy_version 4861,b71b5ad,Aug  5 2025,11:16:06[0m

assert failed: btc_ble_mesh_model_op_set btc_ble_mesh_prov.c:2016 (0)


Backtrace: 0x4008eacd:0x3ffce180 0x4008ea95:0x3ffce1a0 0x40094ded:0x3ffce1c0 0x401126db:0x3ffce2e0 0x40112cf4:0x3ffce300 0x400ff1c1:0x3ffce360 0x4010092f:0x3ffce380 0x4008f6a5:0x3ffce3b0




ELF file SHA256: 2744ca6b8

Rebooting...
ets Jul 29 2019 12:21:46

rst:0xc (SW_CPU_RESET),boot:0x13 (SPI_FAST_FLASH_BOOT)
configsip: 0, SPIWP:0xee
clk_drv:0x00,q_drv:0x00,d_drv:0x00,cs0_drv:0x00,hd_drv:0x00,wp_drv:0x00
mode:DIO, clock div:2
load:0x3fff0030,len:6380
ho 0 tail 12 room 4
load:0x40078000,len:15916
load:0x40080400,len:3860
entry 0x40080638
[0;32mI (29) boot: ESP-IDF v5.5.1 2nd stage bootloader[0m
[0;32mI (29) boot: compile time Apr 16 2026 02:34:52[0m
[0;32mI (29) boot: Multicore bootloader[0m
[0;32mI (31) boot: chip revision: v3.0[0m
[0;32mI (33) boot.esp32: SPI Speed      : 40MHz[0m
[0;32mI (37) boot.esp32: SPI Mode       : DIO[0m
[0;32mI (41) boot.esp32: SPI Flash Size : 2MB[0m
[0;32mI (44) boot: Enabling RNG early entropy source...[0m
[0;32mI (49) boot: Partition Table:[0m
[0;32mI (51) boot: ## Label            Usage          Type ST Offset   Length[0m
[0;32mI (58) boot:  0 nvs              WiFi data        01 02 00009000 00006000[0m
[0;32mI (64) boot:  1 phy_init         RF data          01 01 0000f000 00001000[0m
[0;32mI (71) boot:  2 factory          factory app      00 00 00010000 00100000[0m
[0;32mI (77) boot: End of partition table[0m
[0;32mI (80) esp_image: segment 0: paddr=00010020 vaddr=3f400020 size=27abch (162492) map[0m
[0;32mI (143) esp_image: segment 1: paddr=00037ae4 vaddr=3ffbdb60 size=04eb4h ( 20148) load[0m
[0;32mI (151) esp_image: segment 2: paddr=0003c9a0 vaddr=40080000 size=03678h ( 13944) load[0m
[0;32mI (157) esp_image: segment 3: paddr=00040020 vaddr=400d0020 size=8dd20h (580896) map[0m
[0;32mI (356) esp_image: segment 4: paddr=000cdd48 vaddr=40083678 size=143b8h ( 82872) load[0m
[0;32mI (388) esp_image: segment 5: paddr=000e2108 vaddr=50000000 size=00020h (    32) load[0m
[0;32mI (400) boot: Loaded app from partition at offset 0x10000[0m
[0;32mI (400) boot: Disabling RNG early entropy source...[0m
[0;32mI (411) cpu_start: Multicore app[0m
[0;32mI (419) cpu_start: Pro cpu start user code[0m
[0;32mI (419) cpu_start: cpu freq: 160000000 Hz[0m
[0;32mI (419) app_init: Application information:[0m
[0;32mI (419) app_init: Project name:     Do_An_2_Ble_Mesh[0m
[0;32mI (424) app_init: App version:      1[0m
[0;32mI (427) app_init: Compile time:     Apr 16 2026 06:08:22[0m
[0;32mI (432) app_init: ELF file SHA256:  2744ca6b8...[0m
[0;32mI (437) app_init: ESP-IDF:          v5.5.1[0m
[0;32mI (440) efuse_init: Min chip rev:     v0.0[0m
[0;32mI (444) efuse_init: Max chip rev:     v3.99 [0m
[0;32mI (448) efuse_init: Chip rev:         v3.0[0m
[0;32mI (452) heap_init: Initializing. RAM available for dynamic allocation:[0m
[0;32mI (459) heap_init: At 3FFAFF10 len 000000F0 (0 KiB): DRAM[0m
[0;32mI (463) heap_init: At 3FFB6388 len 00001C78 (7 KiB): DRAM[0m
[0;32mI (469) heap_init: At 3FFB9A20 len 00004108 (16 KiB): DRAM[0m
[0;32mI (474) heap_init: At 3FFC8F88 len 00017078 (92 KiB): DRAM[0m
[0;32mI (479) heap_init: At 3FFE0440 len 00003AE0 (14 KiB): D/IRAM[0m
[0;32mI (484) heap_init: At 3FFE4350 len 0001BCB0 (111 KiB): D/IRAM[0m
[0;32mI (490) heap_init: At 40097A30 len 000085D0 (33 KiB): IRAM[0m
[0;32mI (497) spi_flash: detected chip: generic[0m
[0;32mI (499) spi_flash: flash io: dio[0m
[0;33mW (502) spi_flash: Detected size(4096k) larger than the size in the binary image header(2048k). Using the size in the binary image header.[0m
[0;32mI (515) coexist: coex firmware version: b0bcc39[0m
[0;32mI (519) main_task: Started on CPU0[0m
[0;32mI (529) main_task: Calling app_main()[0m
[0;32mI (539) BTDM_INIT: BT controller compile version [722c907][0m
[0;32mI (539) BTDM_INIT: Using main XTAL as clock source[0m
[0;32mI (539) BTDM_INIT: Bluetooth MAC: c4:de:e2:ca:cb:be[0m
[0;32mI (539) phy_init: phy_version 4861,b71b5ad,Aug  5 2025,11:16:06[0m

assert failed: btc_ble_mesh_model_op_set btc_ble_mesh_prov.c:2016 (0)


Backtrace: 0x4008eacd:0x3ffce180 0x4008ea95:0x3ffce1a0 0x40094ded:0x3ffce1c0 0x401126db:0x3ffce2e0 0x40112cf4:0x3ffce300 0x400ff1c1:0x3ffce360 0x4010092f:0x3ffce380 0x4008f6a5:0x3ffce3b0




ELF file SHA256: 2744ca6b8

Rebooting...
ets Jul 29 2019 12:21:46

rst:0xc (SW_CPU_RESET),boot:0x13 (SPI_FAST_FLASH_BOOT)
configsip: 0, SPIWP:0xee
clk_drv:0x00,q_drv:0x00,d_drv:0x00,cs0_drv:0x00,hd_drv:0x00,wp_drv:0x00
mode:DIO, clock div:2
load:0x3fff0030,len:6380
ho 0 tail 12 room 4
load:0x40078000,len:15916
load:0x40080400,len:3860
entry 0x40080638
[0;32mI (29) boot: ESP-IDF v5.5.1 2nd stage bootloader[0m
[0;32mI (29) boot: compile time Apr 16 2026 02:34:52[0m
[0;32mI (29) boot: Multicore bootloader[0m
[0;32mI (31) boot: chip revision: v3.0[0m
[0;32mI (33) boot.esp32: SPI Speed      : 40MHz[0m
[0;32mI (37) boot.esp32: SPI Mode       : DIO[0m
[0;32mI (41) boot.esp32: SPI Flash Size : 2MB[0m
[0;32mI (44) boot: Enabling RNG early entropy source...[0m
[0;32mI (49) boot: Partition Table:[0m
[0;32mI (51) boot: ## Label            Usage          Type ST Offset   Length[0m
[0;32mI (58) boot:  0 nvs              WiFi data        01 02 00009000 00006000[0m
[0;32mI (64) boot:  1 phy_init         RF data          01 01 0000f000 00001000[0m
[0;32mI (71) boot:  2 factory          factory app      00 00 00010000 00100000[0m
[0;32mI (77) boot: End of partition table[0m
[0;32mI (80) esp_image: segment 0: paddr=00010020 vaddr=3f400020 size=27abch (162492) map[0m
[0;32mI (143) esp_image: segment 1: paddr=00037ae4 vaddr=3ffbdb60 size=04eb4h ( 20148) load[0m
[0;32mI (151) esp_image: segment 2: paddr=0003c9a0 vaddr=40080000 size=03678h ( 13944) load[0m
[0;32mI (157) esp_image: segment 3: paddr=00040020 vaddr=400d0020 size=8dd20h (580896) map[0m
[0;32mI (356) esp_image: segment 4: paddr=000cdd48 vaddr=40083678 size=143b8h ( 82872) load[0m
[0;32mI (388) esp_image: segment 5: paddr=000e2108 vaddr=50000000 size=00020h (    32) load[0m
[0;32mI (400) boot: Loaded app from partition at offset 0x10000[0m
[0;32mI (400) boot: Disabling RNG early entropy source...[0m
[0;32mI (411) cpu_start: Multicore app[0m
[0;32mI (419) cpu_start: Pro cpu start user code[0m
[0;32mI (419) cpu_start: cpu freq: 160000000 Hz[0m
[0;32mI (419) app_init: Application information:[0m
[0;32mI (419) app_init: Project name:     Do_An_2_Ble_Mesh[0m
[0;32mI (424) app_init: App version:      1[0m
[0;32mI (427) app_init: Compile time:     Apr 16 2026 06:08:22[0m
[0;32mI (432) app_init: ELF file SHA256:  2744ca6b8...[0m
[0;32mI (437) app_init: ESP-IDF:          v5.5.1[0m
[0;32mI (440) efuse_init: Min chip rev:     v0.0[0m
[0;32mI (444) efuse_init: Max chip rev:     v3.99 [0m
[0;32mI (448) efuse_init: Chip rev:         v3.0[0m
[0;32mI (452) heap_init: Initializing. RAM available for dynamic allocation:[0m
[0;32mI (459) heap_init: At 3FFAFF10 len 000000F0 (0 KiB): DRAM[0m
[0;32mI (463) heap_init: At 3FFB6388 len 00001C78 (7 KiB): DRAM[0m
[0;32mI (469) heap_init: At 3FFB9A20 len 00004108 (16 KiB): DRAM[0m
[0;32mI (474) heap_init: At 3FFC8F88 len 00017078 (92 KiB): DRAM[0m
[0;32mI (479) heap_init: At 3FFE0440 len 00003AE0 (14 KiB): D/IRAM[0m
[0;32mI (484) heap_init: At 3FFE4350 len 0001BCB0 (111 KiB): D/IRAM[0m
[0;32mI (490) heap_init: At 40097A30 len 000085D0 (33 KiB): IRAM[0m
[0;32mI (497) spi_flash: detected chip: generic[0m
[0;32mI (499) spi_flash: flash io: dio[0m
[0;33mW (502) spi_flash: Detected size(4096k) larger than the size in the binary image header(2048k). Using the size in the binary image header.[0m
[0;32mI (515) coexist: coex firmware version: b0bcc39[0m
[0;32mI (519) main_task: Started on CPU0[0m
[0;32mI (529) main_task: Calling app_main()[0m
[0;32mI (539) BTDM_INIT: BT controller compile version [722c907][0m
[0;32mI (539) BTDM_INIT: Using main XTAL as clock source[0m
[0;32mI (539) BTDM_INIT: Bluetooth MAC: c4:de:e2:ca:cb:be[0m
[0;32mI (539) phy_init: phy_version 4861,b71b5ad,Aug  5 2025,11:16:06[0m

assert failed: btc_ble_mesh_model_op_set btc_ble_mesh_prov.c:2016 (0)


Backtrace: 0x4008eacd:0x3ffce180 0x4008ea95:0x3ffce1a0 0x40094ded:0x3ffce1c0 0x401126db:0x3ffce2e0 0x40112cf4:0x3ffce300 0x400ff1c1:0x3ffce360 0x4010092f:0x3ffce380 0x4008f6a5:0x3ffce3b0




ELF file SHA256: 2744ca6b8

Rebooting...
ets Jul 29 2019 12:21:46

rst:0xc (SW_CPU_RESET),boot:0x13 (SPI_FAST_FLASH_BOOT)
configsip: 0, SPIWP:0xee
clk_drv:0x00,q_drv:0x00,d_drv:0x00,cs0_drv:0x00,hd_drv:0x00,wp_drv:0x00
mode:DIO, clock div:2
load:0x3fff0030,len:6380
ho 0 tail 12 room 4
load:0x40078000,len:15916
load:0x40080400,len:3860
entry 0x40080638
[0;32mI (29) boot: ESP-IDF v5.5.1 2nd stage bootloader[0m
[0;32mI (29) boot: compile time Apr 16 2026 02:34:52[0m
[0;32mI (29) boot: Multicore bootloader[0m
[0;32mI (31) boot: chip revision: v3.0[0m
[0;32mI (33) boot.esp32: SPI Speed      : 40MHz[0m
[0;32mI (37) boot.esp32: SPI Mode       : DIO[0m
[0;32mI (41) boot.esp32: SPI Flash Size : 2MB[0m
[0;32mI (44) boot: Enabling RNG early entropy source...[0m
[0;32mI (49) boot: Partition Table:[0m
[0;32mI (51) boot: ## Label            Usage          Type ST Offset   Length[0m
[0;32mI (58) boot:  0 nvs              WiFi data        01 02 00009000 00006000[0m
[0;32mI (64) boot:  1 phy_init         RF data          01 01 0000f000 00001000[0m
[0;32mI (71) boot:  2 factory          factory app      00 00 00010000 00100000[0m
[0;32mI (77) boot: End of partition table[0m
[0;32mI (80) esp_image: segment 0: paddr=00010020 vaddr=3f400020 size=27abch (162492) map[0m
[0;32mI (143) esp_image: segment 1: paddr=00037ae4 vaddr=3ffbdb60 size=04eb4h ( 20148) load[0m
[0;32mI (151) esp_image: segment 2: paddr=0003c9a0 vaddr=40080000 size=03678h ( 13944) load[0m
[0;32mI (157) esp_image: segment 3: paddr=00040020 vaddr=400d0020 size=8dd20h (580896) map[0m
[0;32mI (356) esp_image: segment 4: paddr=000cdd48 vaddr=40083678 size=143b8h ( 82872) load[0m
[0;32mI (388) esp_image: segment 5: paddr=000e2108 vaddr=50000000 size=00020h (    32) load[0m
[0;32mI (400) boot: Loaded app from partition at offset 0x10000[0m
[0;32mI (400) boot: Disabling RNG early entropy source...[0m
[0;32mI (411) cpu_start: Multicore app[0m
[0;32mI (419) cpu_start: Pro cpu start user code[0m
[0;32mI (419) cpu_start: cpu freq: 160000000 Hz[0m
[0;32mI (419) app_init: Application information:[0m
[0;32mI (419) app_init: Project name:     Do_An_2_Ble_Mesh[0m
[0;32mI (424) app_init: App version:      1[0m
[0;32mI (427) app_init: Compile time:     Apr 16 2026 06:08:22[0m
[0;32mI (432) app_init: ELF file SHA256:  2744ca6b8...[0m
[0;32mI (437) app_init: ESP-IDF:          v5.5.1[0m
[0;32mI (440) efuse_init: Min chip rev:     v0.0[0m
[0;32mI (444) efuse_init: Max chip rev:     v3.99 [0m
[0;32mI (448) efuse_init: Chip rev:         v3.0[0m
[0;32mI (452) heap_init: Initializing. RAM available for dynamic allocation:[0m
[0;32mI (459) heap_init: At 3FFAFF10 len 000000F0 (0 KiB): DRAM[0m
[0;32mI (463) heap_init: At 3FFB6388 len 00001C78 (7 KiB): DRAM[0m
[0;32mI (469) heap_init: At 3FFB9A20 len 00004108 (16 KiB): DRAM[0m
[0;32mI (474) heap_init: At 3FFC8F88 len 00017078 (92 KiB): DRAM[0m
[0;32mI (479) heap_init: At 3FFE0440 len 00003AE0 (14 KiB): D/IRAM[0m
[0;32mI (484) heap_init: At 3FFE4350 len 0001BCB0 (111 KiB): D/IRAM[0m
[0;32mI (490) heap_init: At 40097A30 len 000085D0 (33 KiB): IRAM[0m
[0;32mI (497) spi_flash: detected chip: generic[0m
[0;32mI (499) spi_flash: flash io: dio[0m
[0;33mW (502) spi_flash: Detected size(4096k) larger than the size in the binary image header(2048k). Using the size in the binary image header.[0m
[0;32mI (515) coexist: coex firmware version: b0bcc39[0m
[0;32mI (519) main_task: Started on CPU0[0m
[0;32mI (529) main_task: Calling app_main()[0m
[0;32mI (539) BTDM_INIT: BT controller compile version [722c907][0m
[0;32mI (539) BTDM_INIT: Using main XTAL as clock source[0m
[0;32mI (539) BTDM_INIT: Bluetooth MAC: c4:de:e2:ca:cb:be[0m
[0;32mI (539) phy_init: phy_version 4861,b71b5ad,Aug  5 2025,11:16:06[0m

assert failed: btc_ble_mesh_model_op_set btc_ble_mesh_prov.c:2016 (0)


Backtrace: 0x4008eacd:0x3ffce180 0x4008ea95:0x3ffce1a0 0x40094ded:0x3ffce1c0 0x401126db:0x3ffce2e0 0x40112cf4:0x3ffce300 0x400ff1c1:0x3ffce360 0x4010092f:0x3ffce380 0x4008f6a5:0x3ffce3b0




ELF file SHA256: 2744ca6b8

Rebooting...
ets Jul 29 2019 12:21:46

rst:0xc (SW_CPU_RESET),boot:0x13 (SPI_FAST_FLASH_BOOT)
configsip: 0, SPIWP:0xee
clk_drv:0x00,q_drv:0x00,d_drv:0x00,cs0_drv:0x00,hd_drv:0x00,wp_drv:0x00
mode:DIO, clock div:2
load:0x3fff0030,len:6380
ho 0 tail 12 room 4
load:0x40078000,len:15916
load:0x40080400,len:3860
entry 0x40080638
[0;32mI (29) boot: ESP-IDF v5.5.1 2nd stage bootloader[0m
[0;32mI (29) boot: compile time Apr 16 2026 02:34:52[0m
[0;32mI (29) boot: Multicore bootloader[0m
[0;32mI (31) boot: chip revision: v3.0[0m
[0;32mI (33) boot.esp32: SPI Speed      : 40MHz[0m
[0;32mI (37) boot.esp32: SPI Mode       : DIO[0m
[0;32mI (41) boot.esp32: SPI Flash Size : 2MB[0m
[0;32mI (44) boot: Enabling RNG early entropy source...[0m
[0;32mI (49) boot: Partition Table:[0m
[0;32mI (51) boot: ## Label            Usage          Type ST Offset   Length[0m
[0;32mI (58) boot:  0 nvs              WiFi data        01 02 00009000 00006000[0m
[0;32mI (64) boot:  1 phy_init         RF data          01 01 0000f000 00001000[0m
[0;32mI (71) boot:  2 factory          factory app      00 00 00010000 00100000[0m
[0;32mI (77) boot: End of partition table[0m
[0;32mI (80) esp_image: segment 0: paddr=00010020 vaddr=3f400020 size=27abch (162492) map[0m
[0;32mI (143) esp_image: segment 1: paddr=00037ae4 vaddr=3ffbdb60 size=04eb4h ( 20148) load[0m
[0;32mI (151) esp_image: segment 2: paddr=0003c9a0 vaddr=40080000 size=03678h ( 13944) load[0m
[0;32mI (157) esp_image: segment 3: paddr=00040020 vaddr=400d0020 size=8dd20h (580896) map[0m
[0;32mI (356) esp_image: segment 4: paddr=000cdd48 vaddr=40083678 size=143b8h ( 82872) load[0m
[0;32mI (388) esp_image: segment 5: paddr=000e2108 vaddr=50000000 size=00020h (    32) load[0m
[0;32mI (400) boot: Loaded app from partition at offset 0x10000[0m
[0;32mI (400) boot: Disabling RNG early entropy source...[0m
[0;32mI (411) cpu_start: Multicore app[0m
[0;32mI (419) cpu_start: Pro cpu start user code[0m
[0;32mI (419) cpu_start: cpu freq: 160000000 Hz[0m
[0;32mI (419) app_init: Application information:[0m
[0;32mI (419) app_init: Project name:     Do_An_2_Ble_Mesh[0m
[0;32mI (424) app_init: App version:      1[0m
[0;32mI (427) app_init: Compile time:     Apr 16 2026 06:08:22[0m
[0;32mI (432) app_init: ELF file SHA256:  2744ca6b8...[0m
[0;32mI (437) app_init: ESP-IDF:          v5.5.1[0m
[0;32mI (440) efuse_init: Min chip rev:     v0.0[0m
[0;32mI (444) efuse_init: Max chip rev:     v3.99 [0m
[0;32mI (448) efuse_init: Chip rev:         v3.0[0m
[0;32mI (452) heap_init: Initializing. RAM available for dynamic allocation:[0m
[0;32mI (459) heap_init: At 3FFAFF10 len 000000F0 (0 KiB): DRAM[0m
[0;32mI (463) heap_init: At 3FFB6388 len 00001C78 (7 KiB): DRAM[0m
[0;32mI (469) heap_init: At 3FFB9A20 len 00004108 (16 KiB): DRAM[0m
[0;32mI (474) heap_init: At 3FFC8F88 len 00017078 (92 KiB): DRAM[0m
[0;32mI (479) heap_init: At 3FFE0440 len 00003AE0 (14 KiB): D/IRAM[0m
[0;32mI (484) heap_init: At 3FFE4350 len 0001BCB0 (111 KiB): D/IRAM[0m
[0;32mI (490) heap_init: At 40097A30 len 000085D0 (33 KiB): IRAM[0m
[0;32mI (497) spi_flash: detected chip: generic[0m
[0;32mI (499) spi_flash: flash io: dio[0m
[0;33mW (502) spi_flash: Detected size(4096k) larger than the size in the binary image header(2048k). Using the size in the binary image header.[0m
[0;32mI (515) coexist: coex firmware version: b0bcc39[0m
[0;32mI (519) main_task: Started on CPU0[0m
[0;32mI (529) main_task: Calling app_main()[0m
[0;32mI (539) BTDM_INIT: BT controller compile version [722c907][0m
[0;32mI (539) BTDM_INIT: Using main XTAL as clock source[0m
[0;32mI (539) BTDM_INIT: Bluetooth MAC: c4:de:e2:ca:cb:be[0m
[0;32mI (539) phy_init: phy_version 4861,b71b5ad,Aug  5 2025,11:16:06[0m

assert failed: btc_ble_mesh_model_op_set btc_ble_mesh_prov.c:2016 (0)


Backtrace: 0x4008eacd:0x3ffce180 0x4008ea95:0x3ffce1a0 0x40094ded:0x3ffce1c0 0x401126db:0x3ffce2e0 0x40112cf4:0x3ffce300 0x400ff1c1:0x3ffce360 0x4010092f:0x3ffce380 0x4008f6a5:0x3ffce3b0




ELF file SHA256: 2744ca6b8

Rebooting...
ets Jul 29 2019 12:21:46

rst:0xc (SW_CPU_RESET),boot:0x13 (SPI_FAST_FLASH_BOOT)
configsip: 0, SPIWP:0xee
clk_drv:0x00,q_drv:0x00,d_drv:0x00,cs0_drv:0x00,hd_drv:0x00,wp_drv:0x00
mode:DIO, clock div:2
load:0x3fff0030,len:6380
ho 0 tail 12 room 4
load:0x40078000,len:15916
load:0x40080400,len:3860
entry 0x40080638
[0;32mI (29) boot: ESP-IDF v5.5.1 2nd stage bootloader[0m
[0;32mI (29) boot: compile time Apr 16 2026 02:34:52[0m
[0;32mI (29) boot: Multicore bootloader[0m
[0;32mI (31) boot: chip revision: v3.0[0m
[0;32mI (33) boot.esp32: SPI Speed      : 40MHz[0m
[0;32mI (37) boot.esp32: SPI Mode       : DIO[0m
[0;32mI (41) boot.esp32: SPI Flash Size : 2MB[0m
[0;32mI (44) boot: Enabling RNG early entropy source...[0m
[0;32mI (49) boot: Partition Table:[0m
[0;32mI (51) boot: ## Label            Usage          Type ST Offset   Length[0m
[0;32mI (58) boot:  0 nvs              WiFi data        01 02 00009000 00006000[0m
[0;32mI (64) boot:  1 phy_init         RF data          01 01 0000f000 00001000[0m
[0;32mI (71) boot:  2 factory          factory app      00 00 00010000 00100000[0m
[0;32mI (77) boot: End of partition table[0m
[0;32mI (80) esp_image: segment 0: paddr=00010020 vaddr=3f400020 size=27abch (162492) map[0m
[0;32mI (143) esp_image: segment 1: paddr=00037ae4 vaddr=3ffbdb60 size=04eb4h ( 20148) load[0m
[0;32mI (151) esp_image: segment 2: paddr=0003c9a0 vaddr=40080000 size=03678h ( 13944) load[0m
[0;32mI (157) esp_image: segment 3: paddr=00040020 vaddr=400d0020 size=8dd20h (580896) map[0m
[0;32mI (356) esp_image: segment 4: paddr=000cdd48 vaddr=40083678 size=143b8h ( 82872) load[0m
[0;32mI (388) esp_image: segment 5: paddr=000e2108 vaddr=50000000 size=00020h (    32) load[0m
[0;32mI (400) boot: Loaded app from partition at offset 0x10000[0m
[0;32mI (400) boot: Disabling RNG early entropy source...[0m
[0;32mI (411) cpu_start: Multicore app[0m
[0;32mI (419) cpu_start: Pro cpu start user code[0m
[0;32mI (419) cpu_start: cpu freq: 160000000 Hz[0m
[0;32mI (419) app_init: Application information:[0m
[0;32mI (419) app_init: Project name:     Do_An_2_Ble_Mesh[0m
[0;32mI (424) app_init: App version:      1[0m
[0;32mI (427) app_init: Compile time:     Apr 16 2026 06:08:22[0m
[0;32mI (432) app_init: ELF file SHA256:  2744ca6b8...[0m
[0;32mI (437) app_init: ESP-IDF:          v5.5.1[0m
[0;32mI (440) efuse_init: Min chip rev:     v0.0[0m
[0;32mI (444) efuse_init: Max chip rev:     v3.99 [0m
[0;32mI (448) efuse_init: Chip rev:         v3.0[0m
[0;32mI (452) heap_init: Initializing. RAM available for dynamic allocation:[0m
[0;32mI (459) heap_init: At 3FFAFF10 len 000000F0 (0 KiB): DRAM[0m
[0;32mI (463) heap_init: At 3FFB6388 len 00001C78 (7 KiB): DRAM[0m
[0;32mI (469) heap_init: At 3FFB9A20 len 00004108 (16 KiB): DRAM[0m
[0;32mI (474) heap_init: At 3FFC8F88 len 00017078 (92 KiB): DRAM[0m
[0;32mI (479) heap_init: At 3FFE0440 len 00003AE0 (14 KiB): D/IRAM[0m
[0;32mI (484) heap_init: At 3FFE4350 len 0001BCB0 (111 KiB): D/IRAM[0m
[0;32mI (490) heap_init: At 40097A30 len 000085D0 (33 KiB): IRAM[0m
[0;32mI (497) spi_flash: detected chip: generic[0m
[0;32mI (499) spi_flash: flash io: dio[0m
[0;33mW (502) spi_flash: Detected size(4096k) larger than the size in the binary image header(2048k). Using the size in the binary image header.[0m
[0;32mI (515) coexist: coex firmware version: b0bcc39[0m
[0;32mI (519) main_task: Started on CPU0[0m
[0;32mI (529) main_task: Calling app_main()[0m
[0;32mI (539) BTDM_INIT: BT controller compile version [722c907][0m
[0;32mI (539) BTDM_INIT: Using main XTAL as clock source[0m
[0;32mI (539) BTDM_INIT: Bluetooth MAC: c4:de:e2:ca:cb:be[0m
[0;32mI (539) phy_init: phy_version 4861,b71b5ad,Aug  5 2025,11:16:06[0m

assert failed: btc_ble_mesh_model_op_set btc_ble_mesh_prov.c:2016 (0)


Backtrace: 0x4008eacd:0x3ffce180 0x4008ea95:0x3ffce1a0 0x40094ded:0x3ffce1c0 0x401126db:0x3ffce2e0 0x40112cf4:0x3ffce300 0x400ff1c1:0x3ffce360 0x4010092f:0x3ffce380 0x4008f6a5:0x3ffce3b0




ELF file SHA256: 2744ca6b8

Rebooting...
ets Jul 29 2019 12:21:46

rst:0xc (SW_CPU_RESET),boot:0x13 (SPI_FAST_FLASH_BOOT)
configsip: 0, SPIWP:0xee
clk_drv:0x00,q_drv:0x00,d_drv:0x00,cs0_drv:0x00,hd_drv:0x00,wp_drv:0x00
mode:DIO, clock div:2
load:0x3fff0030,len:6380
ho 0 tail 12 room 4
load:0x40078000,len:15916
load:0x40080400,len:3860
entry 0x40080638
[0;32mI (29) boot: ESP-IDF v5.5.1 2nd stage bootloader[0m
[0;32mI (29) boot: compile time Apr 16 2026 02:34:52[0m
[0;32mI (29) boot: Multicore bootloader[0m
[0;32mI (31) boot: chip revision: v3.0[0m
[0;32mI (33) boot.esp32: SPI Speed      : 40MHz[0m
[0;32mI (37) boot.esp32: SPI Mode       : DIO[0m
[0;32mI (41) boot.esp32: SPI Flash Size : 2MB[0m
[0;32mI (44) boot: Enabling RNG early entropy source...[0m
[0;32mI (49) boot: Partition Table:[0m
[0;32mI (51) boot: ## Label            Usage          Type ST Offset   Length[0m
[0;32mI (58) boot:  0 nvs              WiFi data        01 02 00009000 00006000[0m
[0;32mI (64) boot:  1 phy_init         RF data          01 01 0000f000 00001000[0m
[0;32mI (71) boot:  2 factory          factory app      00 00 00010000 00100000[0m
[0;32mI (77) boot: End of partition table[0m
[0;32mI (80) esp_image: segment 0: paddr=00010020 vaddr=3f400020 size=27abch (162492) map[0m
[0;32mI (143) esp_image: segment 1: paddr=00037ae4 vaddr=3ffbdb60 size=04eb4h ( 20148) load[0m
[0;32mI (151) esp_image: segment 2: paddr=0003c9a0 vaddr=40080000 size=03678h ( 13944) load[0m
[0;32mI (157) esp_image: segment 3: paddr=00040020 vaddr=400d0020 size=8dd20h (580896) map[0m
[0;32mI (356) esp_image: segment 4: paddr=000cdd48 vaddr=40083678 size=143b8h ( 82872) load[0m
[0;32mI (388) esp_image: segment 5: paddr=000e2108 vaddr=50000000 size=00020h (    32) load[0m
[0;32mI (400) boot: Loaded app from partition at offset 0x10000[0m
[0;32mI (400) boot: Disabling RNG early entropy source...[0m
[0;32mI (411) cpu_start: Multicore app[0m
[0;32mI (419) cpu_start: Pro cpu start user code[0m
[0;32mI (419) cpu_start: cpu freq: 160000000 Hz[0m
[0;32mI (419) app_init: Application information:[0m
[0;32mI (419) app_init: Project name:     Do_An_2_Ble_Mesh[0m
[0;32mI (424) app_init: App version:      1[0m
[0;32mI (427) app_init: Compile time:     Apr 16 2026 06:08:22[0m
[0;32mI (432) app_init: ELF file SHA256:  2744ca6b8...[0m
[0;32mI (437) app_init: ESP-IDF:          v5.5.1[0m
[0;32mI (440) efuse_init: Min chip rev:     v0.0[0m
[0;32mI (444) efuse_init: Max chip rev:     v3.99 [0m
[0;32mI (448) efuse_init: Chip rev:         v3.0[0m
[0;32mI (452) heap_init: Initializing. RAM available for dynamic allocation:[0m
[0;32mI (459) heap_init: At 3FFAFF10 len 000000F0 (0 KiB): DRAM[0m
[0;32mI (463) heap_init: At 3FFB6388 len 00001C78 (7 KiB): DRAM[0m
[0;32mI (469) heap_init: At 3FFB9A20 len 00004108 (16 KiB): DRAM[0m
[0;32mI (474) heap_init: At 3FFC8F88 len 00017078 (92 KiB): DRAM[0m
[0;32mI (479) heap_init: At 3FFE0440 len 00003AE0 (14 KiB): D/IRAM[0m
[0;32mI (484) heap_init: At 3FFE4350 len 0001BCB0 (111 KiB): D/IRAM[0m
[0;32mI (490) heap_init: At 40097A30 len 000085D0 (33 KiB): IRAM[0m
[0;32mI (497) spi_flash: detected chip: generic[0m
[0;32mI (499) spi_flash: flash io: dio[0m
[0;33mW (502) spi_flash: Detected size(4096k) larger than the size in the binary image header(2048k). Using the size in the binary image header.[0m
[0;32mI (515) coexist: coex firmware version: b0bcc39[0m
[0;32mI (519) main_task: Started on CPU0[0m
[0;32mI (529) main_task: Calling app_main()[0m
[0;32mI (539) BTDM_INIT: BT controller compile version [722c907][0m
[0;32mI (539) BTDM_INIT: Using main XTAL as clock source[0m
[0;32mI (539) BTDM_INIT: Bluetooth MAC: c4:de:e2:ca:cb:be[0m
[0;32mI (539) phy_init: phy_version 4861,b71b5ad,Aug  5 2025,11:16:06[0m

assert failed: btc_ble_mesh_model_op_set btc_ble_mesh_prov.c:2016 (0)


Backtrace: 0x4008eacd:0x3ffce180 0x4008ea95:0x3ffce1a0 0x40094ded:0x3ffce1c0 0x401126db:0x3ffce2e0 0x40112cf4:0x3ffce300 0x400ff1c1:0x3ffce360 0x4010092f:0x3ffce380 0x4008f6a5:0x3ffce3b0




ELF file SHA256: 2744ca6b8

Rebooting...
ets Jul 29 2019 12:21:46

rst:0xc (SW_CPU_RESET),boot:0x13 (SPI_FAST_FLASH_BOOT)
configsip: 0, SPIWP:0xee
clk_drv:0x00,q_drv:0x00,d_drv:0x00,cs0_drv:0x00,hd_drv:0x00,wp_drv:0x00
mode:DIO, clock div:2
load:0x3fff0030,len:6380
ho 0 tail 12 room 4
load:0x40078000,len:15916
load:0x40080400,len:3860
entry 0x40080638
[0;32mI (29) boot: ESP-IDF v5.5.1 2nd stage bootloader[0m
[0;32mI (29) boot: compile time Apr 16 2026 02:34:52[0m
[0;32mI (29) boot: Multicore bootloader[0m
[0;32mI (31) boot: chip revision: v3.0[0m
[0;32mI (33) boot.esp32: SPI Speed      : 40MHz[0m
[0;32mI (37) boot.esp32: SPI Mode       : DIO[0m
[0;32mI (41) boot.esp32: SPI Flash Size : 2MB[0m
[0;32mI (44) boot: Enabling RNG early entropy source...[0m
[0;32mI (49) boot: Partition Table:[0m
[0;32mI (51) boot: ## Label            Usage          Type ST Offset   Length[0m
[0;32mI (58) boot:  0 nvs              WiFi data        01 02 00009000 00006000[0m
[0;32mI (64) boot:  1 phy_init         RF data          01 01 0000f000 00001000[0m
[0;32mI (71) boot:  2 factory          factory app      00 00 00010000 00100000[0m
[0;32mI (77) boot: End of partition table[0m
[0;32mI (80) esp_image: segment 0: paddr=00010020 vaddr=3f400020 size=27abch (162492) map[0m
[0;32mI (143) esp_image: segment 1: paddr=00037ae4 vaddr=3ffbdb60 size=04eb4h ( 20148) load[0m
[0;32mI (151) esp_image: segment 2: paddr=0003c9a0 vaddr=40080000 size=03678h ( 13944) load[0m
[0;32mI (157) esp_image: segment 3: paddr=00040020 vaddr=400d0020 size=8dd20h (580896) map[0m
[0;32mI (356) esp_image: segment 4: paddr=000cdd48 vaddr=40083678 size=143b8h ( 82872) load[0m
[0;32mI (388) esp_image: segment 5: paddr=000e2108 vaddr=50000000 size=00020h (    32) load[0m
[0;32mI (400) boot: Loaded app from partition at offset 0x10000[0m
[0;32mI (400) boot: Disabling RNG early entropy source...[0m
[0;32mI (411) cpu_start: Multicore app[0m
[0;32mI (419) cpu_start: Pro cpu start user code[0m
[0;32mI (419) cpu_start: cpu freq: 160000000 Hz[0m
[0;32mI (419) app_init: Application information:[0m
[0;32mI (419) app_init: Project name:     Do_An_2_Ble_Mesh[0m
[0;32mI (424) app_init: App version:      1[0m
[0;32mI (427) app_init: Compile time:     Apr 16 2026 06:08:22[0m
[0;32mI (432) app_init: ELF file SHA256:  2744ca6b8...[0m
[0;32mI (437) app_init: ESP-IDF:          v5.5.1[0m
[0;32mI (440) efuse_init: Min chip rev:     v0.0[0m
[0;32mI (444) efuse_init: Max chip rev:     v3.99 [0m
[0;32mI (448) efuse_init: Chip rev:         v3.0[0m
[0;32mI (452) heap_init: Initializing. RAM available for dynamic allocation:[0m
[0;32mI (459) heap_init: At 3FFAFF10 len 000000F0 (0 KiB): DRAM[0m
[0;32mI (463) heap_init: At 3FFB6388 len 00001C78 (7 KiB): DRAM[0m
[0;32mI (469) heap_init: At 3FFB9A20 len 00004108 (16 KiB): DRAM[0m
[0;32mI (474) heap_init: At 3FFC8F88 len 00017078 (92 KiB): DRAM[0m
[0;32mI (479) heap_init: At 3FFE0440 len 00003AE0 (14 KiB): D/IRAM[0m
[0;32mI (484) heap_init: At 3FFE4350 len 0001BCB0 (111 KiB): D/IRAM[0m
[0;32mI (490) heap_init: At 40097A30 len 000085D0 (33 KiB): IRAM[0m
[0;32mI (497) spi_flash: detected chip: generic[0m
[0;32mI (499) spi_flash: flash io: dio[0m
[0;33mW (502) spi_flash: Detected size(4096k) larger than the size in the binary image header(2048k). Using the size in the binary image header.[0m
[0;32mI (515) coexist: coex firmware version: b0bcc39[0m
[0;32mI (519) main_task: Started on CPU0[0m
[0;32mI (529) main_task: Calling app_main()[0m
[0;32mI (539) BTDM_INIT: BT controller compile version [722c907][0m
[0;32mI (539) BTDM_INIT: Using main XTAL as clock source[0m
[0;32mI (539) BTDM_INIT: Bluetooth MAC: c4:de:e2:ca:cb:be[0m
[0;32mI (539) phy_init: phy_version 4861,b71b5ad,Aug  5 2025,11:16:06[0m

assert failed: btc_ble_mesh_model_op_set btc_ble_mesh_prov.c:2016 (0)


Backtrace: 0x4008eacd:0x3ffce180 0x4008ea95:0x3ffce1a0 0x40094ded:0x3ffce1c0 0x401126db:0x3ffce2e0 0x40112cf4:0x3ffce300 0x400ff1c1:0x3ffce360 0x4010092f:0x3ffce380 0x4008f6a5:0x3ffce3b0




ELF file SHA256: 2744ca6b8

Rebooting...
ets Jul 29 2019 12:21:46

rst:0xc (SW_CPU_RESET),boot:0x13 (SPI_FAST_FLASH_BOOT)
configsip: 0, SPIWP:0xee
clk_drv:0x00,q_drv:0x00,d_drv:0x00,cs0_drv:0x00,hd_drv:0x00,wp_drv:0x00
mode:DIO, clock div:2
load:0x3fff0030,len:6380
ho 0 tail 12 room 4
load:0x40078000,len:15916
load:0x40080400,len:3860
entry 0x40080638
[0;32mI (29) boot: ESP-IDF v5.5.1 2nd stage bootloader[0m
[0;32mI (29) boot: compile time Apr 16 2026 02:34:52[0m
[0;32mI (29) boot: Multicore bootloader[0m
[0;32mI (31) boot: chip revision: v3.0[0m
[0;32mI (33) boot.esp32: SPI Speed      : 40MHz[0m
[0;32mI (37) boot.esp32: SPI Mode       : DIO[0m
[0;32mI (41) boot.esp32: SPI Flash Size : 2MB[0m
[0;32mI (44) boot: Enabling RNG early entropy source...[0m
[0;32mI (49) boot: Partition Table:[0m
[0;32mI (51) boot: ## Label            Usage          Type ST Offset   Length[0m
[0;32mI (58) boot:  0 nvs              WiFi data        01 02 00009000 00006000[0m
[0;32mI (64) boot:  1 phy_init         RF data          01 01 0000f000 00001000[0m
[0;32mI (71) boot:  2 factory          factory app      00 00 00010000 00100000[0m
[0;32mI (77) boot: End of partition table[0m
[0;32mI (80) esp_image: segment 0: paddr=00010020 vaddr=3f400020 size=27abch (162492) map[0m
[0;32mI (143) esp_image: segment 1: paddr=00037ae4 vaddr=3ffbdb60 size=04eb4h ( 20148) load[0m
[0;32mI (151) esp_image: segment 2: paddr=0003c9a0 vaddr=40080000 size=03678h ( 13944) load[0m
[0;32mI (157) esp_image: segment 3: paddr=00040020 vaddr=400d0020 size=8dd20h (580896) map[0m
[0;32mI (356) esp_image: segment 4: paddr=000cdd48 vaddr=40083678 size=143b8h ( 82872) load[0m
[0;32mI (388) esp_image: segment 5: paddr=000e2108 vaddr=50000000 size=00020h (    32) load[0m
[0;32mI (400) boot: Loaded app from partition at offset 0x10000[0m
[0;32mI (400) boot: Disabling RNG early entropy source...[0m
[0;32mI (411) cpu_start: Multicore app[0m
[0;32mI (419) cpu_start: Pro cpu start user code[0m
[0;32mI (419) cpu_start: cpu freq: 160000000 Hz[0m
[0;32mI (419) app_init: Application information:[0m
[0;32mI (419) app_init: Project name:     Do_An_2_Ble_Mesh[0m
[0;32mI (424) app_init: App version:      1[0m
[0;32mI (427) app_init: Compile time:     Apr 16 2026 06:08:22[0m
[0;32mI (432) app_init: ELF file SHA256:  2744ca6b8...[0m
[0;32mI (437) app_init: ESP-IDF:          v5.5.1[0m
[0;32mI (440) efuse_init: Min chip rev:     v0.0[0m
[0;32mI (444) efuse_init: Max chip rev:     v3.99 [0m
[0;32mI (448) efuse_init: Chip rev:         v3.0[0m
[0;32mI (452) heap_init: Initializing. RAM available for dynamic allocation:[0m
I (459) heap_init: At 3FFAFF10 len 000000F0 (0 KiB): DRAM
[0;32mI (463) heap_init: At 3FFB6388 len 00001C78 (7 KiB): DRAM[0m
[0;32mI (469) heap_init: At 3FFB9A20 len 00004108 (16 KiB): DRAM[0m
[0;32mI (474) heap_init: At 3FFC8F88 len 00017078 (92 KiB): DRAM[0m
[0;32mI (479) heap_init: At 3FFE0440 len 00003AE0 (14 KiB): D/IRAM[0m
[0;32mI (484) heap_init: At 3FFE4350 len 0001BCB0 (111 KiB): D/IRAM[0m
[0;32mI (490) heap_init: At 40097A30 len 000085D0 (33 KiB): IRAM[0m
[0;32mI (497) spi_flash: detected chip: generic[0m
[0;32mI (499) spi_flash: flash io: dio[0m
[0;33mW (502) spi_flash: Detected size(4096k) larger than the size in the binary image header(2048k). Using the size in the binary image header.[0m
[0;32mI (515) coexist: coex firmware version: b0bcc39[0m
[0;32mI (519) main_task: Started on CPU0[0m
[0;32mI (529) main_task: Calling app_main()[0m
[0;32mI (539) BTDM_INIT: BT controller compile version [722c907][0m
[0;32mI (539) BTDM_INIT: Using main XTAL as clock source[0m
[0;32mI (539) BTDM_INIT: Bluetooth MAC: c4:de:e2:ca:cb:be[0m
[0;32mI (539) phy_init: phy_version 4861,b71b5ad,Aug  5 2025,11:16:06[0m

assert failed: btc_ble_mesh_model_op_set btc_ble_mesh_prov.c:2016 (0)


Backtrace: 0x4008eacd:0x3ffce180 0x4008ea95:0x3ffce1a0 0x40094ded:0x3ffce1c0 0x401126db:0x3ffce2e0 0x40112cf4:0x3ffce300 0x400ff1c1:0x3ffce360 0x4010092f:0x3ffce380 0x4008f6a5:0x3ffce3b0




ELF file SHA256: 2744ca6b8

Rebooting...
ets Jul 29 2019 12:21:46

rst:0xc (SW_CPU_RESET),boot:0x13 (SPI_FAST_FLASH_BOOT)
configsip: 0, SPIWP:0xee
clk_drv:0x00,q_drv:0x00,d_drv:0x00,cs0_drv:0x00,hd_drv:0x00,wp_drv:0x00
mode:DIO, clock div:2
load:0x3fff0030,len:6380
ho 0 tail 12 room 4
load:0x40078000,len:15916
load:0x40080400,len:3860
entry 0x40080638
[0;32mI (29) boot: ESP-IDF v5.5.1 2nd stage bootloader[0m
[0;32mI (29) boot: compile time Apr 16 2026 02:34:52[0m
[0;32mI (29) boot: Multicore bootloader[0m
[0;32mI (31) boot: chip revision: v3.0[0m
[0;32mI (33) boot.esp32: SPI Speed      : 40MHz[0m
[0;32mI (37) boot.esp32: SPI Mode       : DIO[0m
[0;32mI (41) boot.esp32: SPI Flash Size : 2MB[0m
[0;32mI (44) boot: Enabling RNG early entropy source...[0m
[0;32mI (49) boot: Partition Table:[0m
[0;32mI (51) boot: ## Label            Usage          Type ST Offset   Length[0m
[0;32mI (58) boot:  0 nvs              WiFi data        01 02 00009000 00006000[0m
[0;32mI (64) boot:  1 phy_init         RF data          01 01 0000f000 00001000[0m
[0;32mI (71) boot:  2 factory          factory app      00 00 00010000 00100000[0m
[0;32mI (77) boot: End of partition table[0m
[0;32mI (80) esp_image: segment 0: paddr=00010020 vaddr=3f400020 size=27abch (162492) map[0m
[0;32mI (143) esp_image: segment 1: paddr=00037ae4 vaddr=3ffbdb60 size=04eb4h ( 20148) load[0m
[0;32mI (151) esp_image: segment 2: paddr=0003c9a0 vaddr=40080000 size=03678h ( 13944) load[0m
[0;32mI (157) esp_image: segment 3: paddr=00040020 vaddr=400d0020 size=8dd20h (580896) map[0m
[0;32mI (356) esp_image: segment 4: paddr=000cdd48 vaddr=40083678 size=143b8h ( 82872) load[0m
[0;32mI (388) esp_image: segment 5: paddr=000e2108 vaddr=50000000 size=00020h (    32) load[0m
[0;32mI (400) boot: Loaded app from partition at offset 0x10000[0m
[0;32mI (400) boot: Disabling RNG early entropy source...[0m
[0;32mI (411) cpu_start: Multicore app[0m
[0;32mI (419) cpu_start: Pro cpu start user code[0m
[0;32mI (419) cpu_start: cpu freq: 160000000 Hz[0m
[0;32mI (419) app_init: Application information:[0m
[0;32mI (419) app_init: Project name:     Do_An_2_Ble_Mesh[0m
[0;32mI (424) app_init: App version:      1[0m
[0;32mI (427) app_init: Compile time:     Apr 16 2026 06:08:22[0m
[0;32mI (432) app_init: ELF file SHA256:  2744ca6b8...[0m
[0;32mI (437) app_init: ESP-IDF:          v5.5.1[0m
[0;32mI (440) efuse_init: Min chip rev:     v0.0[0m
[0;32mI (444) efuse_init: Max chip rev:     v3.99 [0m
[0;32mI (448) efuse_init: Chip rev:         v3.0[0m
[0;32mI (452) heap_init: Initializing. RAM available for dynamic allocation:[0m
[0;32mI (459) heap_init: At 3FFAFF10 len 000000F0 (0 KiB): DRAM[0m
[0;32mI (463) heap_init: At 3FFB6388 len 00001C78 (7 KiB): DRAM[0m
[0;32mI (469) heap_init: At 3FFB9A20 len 00004108 (16 KiB): DRAM[0m
[0;32mI (474) heap_init: At 3FFC8F88 len 00017078 (92 KiB): DRAM[0m
[0;32mI (479) heap_init: At 3FFE0440 len 00003AE0 (14 KiB): D/IRAM[0m
[0;32mI (484) heap_init: At 3FFE4350 len 0001BCB0 (111 KiB): D/IRAM[0m
[0;32mI (490) heap_init: At 40097A30 len 000085D0 (33 KiB): IRAM[0m
